Component: ARM Compiler 5.06 update 7 (build 960) Tool: armlink [4d3601]

==============================================================================

Section Cross References

    startup_stm32f407xx.o(RESET) refers to startup_stm32f407xx.o(STACK) for __initial_sp
    startup_stm32f407xx.o(RESET) refers to startup_stm32f407xx.o(.text) for Reset_Handler
    startup_stm32f407xx.o(RESET) refers to stm32f4xx_it.o(i.NMI_Handler) for NMI_Handler
    startup_stm32f407xx.o(RESET) refers to stm32f4xx_it.o(i.HardFault_Handler) for HardFault_Handler
    startup_stm32f407xx.o(RESET) refers to stm32f4xx_it.o(i.MemManage_Handler) for MemManage_Handler
    startup_stm32f407xx.o(RESET) refers to stm32f4xx_it.o(i.BusFault_Handler) for BusFault_Handler
    startup_stm32f407xx.o(RESET) refers to stm32f4xx_it.o(i.UsageFault_Handler) for UsageFault_Handler
    startup_stm32f407xx.o(RESET) refers to port.o(.emb_text) for SVC_Handler
    startup_stm32f407xx.o(RESET) refers to stm32f4xx_it.o(i.DebugMon_Handler) for DebugMon_Handler
    startup_stm32f407xx.o(RESET) refers to cmsis_os2.o(i.SysTick_Handler) for SysTick_Handler
    startup_stm32f407xx.o(RESET) refers to stm32f4xx_it.o(i.EXTI3_IRQHandler) for EXTI3_IRQHandler
    startup_stm32f407xx.o(RESET) refers to stm32f4xx_it.o(i.DMA1_Stream1_IRQHandler) for DMA1_Stream1_IRQHandler
    startup_stm32f407xx.o(RESET) refers to stm32f4xx_it.o(i.EXTI9_5_IRQHandler) for EXTI9_5_IRQHandler
    startup_stm32f407xx.o(RESET) refers to stm32f4xx_it.o(i.USART1_IRQHandler) for USART1_IRQHandler
    startup_stm32f407xx.o(RESET) refers to stm32f4xx_it.o(i.USART3_IRQHandler) for USART3_IRQHandler
    startup_stm32f407xx.o(RESET) refers to stm32f4xx_it.o(i.TIM6_DAC_IRQHandler) for TIM6_DAC_IRQHandler
    startup_stm32f407xx.o(.text) refers to system_stm32f4xx.o(i.SystemInit) for SystemInit
    startup_stm32f407xx.o(.text) refers to entry.o(.ARM.Collect$$$$00000000) for __main
    main.o(i.HAL_TIM_PeriodElapsedCallback) refers to stm32f4xx_hal.o(i.HAL_IncTick) for HAL_IncTick
    main.o(i.SystemClock_Config) refers to memseta.o(.text) for __aeabi_memclr4
    main.o(i.SystemClock_Config) refers to stm32f4xx_hal_rcc.o(i.HAL_RCC_OscConfig) for HAL_RCC_OscConfig
    main.o(i.SystemClock_Config) refers to stm32f4xx_hal_rcc.o(i.HAL_RCC_ClockConfig) for HAL_RCC_ClockConfig
    main.o(i.main) refers to stm32f4xx_hal.o(i.HAL_Init) for HAL_Init
    main.o(i.main) refers to main.o(i.SystemClock_Config) for SystemClock_Config
    main.o(i.main) refers to gpio.o(i.MX_GPIO_Init) for MX_GPIO_Init
    main.o(i.main) refers to dma.o(i.MX_DMA_Init) for MX_DMA_Init
    main.o(i.main) refers to usart.o(i.MX_USART1_UART_Init) for MX_USART1_UART_Init
    main.o(i.main) refers to usart.o(i.MX_USART3_UART_Init) for MX_USART3_UART_Init
    main.o(i.main) refers to adc.o(i.MX_ADC1_Init) for MX_ADC1_Init
    main.o(i.main) refers to adc.o(i.MX_ADC3_Init) for MX_ADC3_Init
    main.o(i.main) refers to can.o(i.MX_CAN1_Init) for MX_CAN1_Init
    main.o(i.main) refers to usart.o(i.MX_USART6_UART_Init) for MX_USART6_UART_Init
    main.o(i.main) refers to i2c.o(i.MX_I2C3_Init) for MX_I2C3_Init
    main.o(i.main) refers to spi.o(i.MX_SPI1_Init) for MX_SPI1_Init
    main.o(i.main) refers to tim.o(i.MX_TIM10_Init) for MX_TIM10_Init
    main.o(i.main) refers to tim.o(i.MX_TIM1_Init) for MX_TIM1_Init
    main.o(i.main) refers to tim.o(i.MX_TIM4_Init) for MX_TIM4_Init
    main.o(i.main) refers to cmsis_os2.o(i.osKernelInitialize) for osKernelInitialize
    main.o(i.main) refers to artos.o(i.osThreadInitialize) for osThreadInitialize
    main.o(i.main) refers to cmsis_os2.o(i.osKernelStart) for osKernelStart
    gpio.o(i.MX_GPIO_Init) refers to memseta.o(.text) for __aeabi_memclr4
    gpio.o(i.MX_GPIO_Init) refers to stm32f4xx_hal_gpio.o(i.HAL_GPIO_WritePin) for HAL_GPIO_WritePin
    gpio.o(i.MX_GPIO_Init) refers to stm32f4xx_hal_gpio.o(i.HAL_GPIO_Init) for HAL_GPIO_Init
    gpio.o(i.MX_GPIO_Init) refers to stm32f4xx_hal_cortex.o(i.HAL_NVIC_SetPriority) for HAL_NVIC_SetPriority
    gpio.o(i.MX_GPIO_Init) refers to stm32f4xx_hal_cortex.o(i.HAL_NVIC_EnableIRQ) for HAL_NVIC_EnableIRQ
    adc.o(i.HAL_ADC_MspDeInit) refers to stm32f4xx_hal_gpio.o(i.HAL_GPIO_DeInit) for HAL_GPIO_DeInit
    adc.o(i.HAL_ADC_MspInit) refers to memseta.o(.text) for __aeabi_memclr4
    adc.o(i.HAL_ADC_MspInit) refers to stm32f4xx_hal_gpio.o(i.HAL_GPIO_Init) for HAL_GPIO_Init
    adc.o(i.MX_ADC1_Init) refers to stm32f4xx_hal_adc.o(i.HAL_ADC_Init) for HAL_ADC_Init
    adc.o(i.MX_ADC1_Init) refers to main.o(i.Error_Handler) for Error_Handler
    adc.o(i.MX_ADC1_Init) refers to stm32f4xx_hal_adc.o(i.HAL_ADC_ConfigChannel) for HAL_ADC_ConfigChannel
    adc.o(i.MX_ADC1_Init) refers to adc.o(.bss) for .bss
    adc.o(i.MX_ADC3_Init) refers to stm32f4xx_hal_adc.o(i.HAL_ADC_Init) for HAL_ADC_Init
    adc.o(i.MX_ADC3_Init) refers to main.o(i.Error_Handler) for Error_Handler
[...]
    SEGGER_RTT_AllocUpBuffer                 0x08004145   Thumb Code   100  segger_rtt.o(i.SEGGER_RTT_AllocUpBuffer)
    SEGGER_RTT_ConfigDownBuffer              0x080041ad   Thumb Code    88  segger_rtt.o(i.SEGGER_RTT_ConfigDownBuffer)
    SEGGER_RTT_ReadNoLock                    0x08004209   Thumb Code   118  segger_rtt.o(i.SEGGER_RTT_ReadNoLock)
    SEGGER_RTT_WriteSkipNoLock               0x08004285   Thumb Code   108  segger_rtt.o(i.SEGGER_RTT_WriteSkipNoLock)
    SEGGER_SYSVIEW_Conf                      0x080042f5   Thumb Code    28  segger_sysview_config_artos.o(i.SEGGER_SYSVIEW_Conf)
    SEGGER_SYSVIEW_GetSysDesc                0x0800431d   Thumb Code   122  segger_sysview.o(i.SEGGER_SYSVIEW_GetSysDesc)
    SEGGER_SYSVIEW_Init                      0x0800439d   Thumb Code    72  segger_sysview.o(i.SEGGER_SYSVIEW_Init)
    SEGGER_SYSVIEW_OnIdle                    0x080043fd   Thumb Code    30  segger_sysview.o(i.SEGGER_SYSVIEW_OnIdle)
    SEGGER_SYSVIEW_OnTaskCreate              0x08004421   Thumb Code    60  segger_sysview.o(i.SEGGER_SYSVIEW_OnTaskCreate)
    SEGGER_SYSVIEW_OnTaskStartExec           0x08004461   Thumb Code    60  segger_sysview.o(i.SEGGER_SYSVIEW_OnTaskStartExec)
    SEGGER_SYSVIEW_OnTaskStartReady          0x080044a1   Thumb Code    60  segger_sysview.o(i.SEGGER_SYSVIEW_OnTaskStartReady)
    SEGGER_SYSVIEW_RecordSystime             0x080044e1   Thumb Code    42  segger_sysview.o(i.SEGGER_SYSVIEW_RecordSystime)
    SEGGER_SYSVIEW_RecordU32                 0x08004515   Thumb Code    54  segger_sysview.o(i.SEGGER_SYSVIEW_RecordU32)
    SEGGER_SYSVIEW_RecordU32x2               0x08004551   Thumb Code    76  segger_sysview.o(i.SEGGER_SYSVIEW_RecordU32x2)
    SEGGER_SYSVIEW_RecordU32x3               0x080045a1   Thumb Code   102  segger_sysview.o(i.SEGGER_SYSVIEW_RecordU32x3)
    SEGGER_SYSVIEW_RecordU32x4               0x0800460d   Thumb Code   124  segger_sysview.o(i.SEGGER_SYSVIEW_RecordU32x4)
    SEGGER_SYSVIEW_RecordVoid                0x0800468d   Thumb Code    30  segger_sysview.o(i.SEGGER_SYSVIEW_RecordVoid)
    SEGGER_SYSVIEW_SendModule                0x080046b1   Thumb Code   128  segger_sysview.o(i.SEGGER_SYSVIEW_SendModule)
    SEGGER_SYSVIEW_SendModuleDescription     0x08004739   Thumb Code    22  segger_sysview.o(i.SEGGER_SYSVIEW_SendModuleDescription)
    SEGGER_SYSVIEW_SendNumModules            0x08004755   Thumb Code    56  segger_sysview.o(i.SEGGER_SYSVIEW_SendNumModules)
    SEGGER_SYSVIEW_SendSysDesc               0x08004795   Thumb Code    42  segger_sysview.o(i.SEGGER_SYSVIEW_SendSysDesc)
    SEGGER_SYSVIEW_SendTaskInfo              0x080047c5   Thumb Code   194  segger_sysview.o(i.SEGGER_SYSVIEW_SendTaskInfo)
    SEGGER_SYSVIEW_SendTaskList              0x0800488d   Thumb Code    18  segger_sysview.o(i.SEGGER_SYSVIEW_SendTaskList)
    SEGGER_SYSVIEW_SetRAMBase                0x080048a5   Thumb Code     6  segger_sysview.o(i.SEGGER_SYSVIEW_SetRAMBase)
    SEGGER_SYSVIEW_ShrinkId                  0x080048b1   Thumb Code     8  segger_sysview.o(i.SEGGER_SYSVIEW_ShrinkId)
    SEGGER_SYSVIEW_Start                     0x080048bd   Thumb Code   166  segger_sysview.o(i.SEGGER_SYSVIEW_Start)
    SEGGER_SYSVIEW_Stop                      0x0800496d   Thumb Code    42  segger_sysview.o(i.SEGGER_SYSVIEW_Stop)
    SEGGER_SYSVIEW_Warn                      0x0800499d   Thumb Code    54  segger_sysview.o(i.SEGGER_SYSVIEW_Warn)
    SPI_WR_Byte                              0x08004a45   Thumb Code    28  drv_bmi088.o(i.SPI_WR_Byte)
    SYSVIEW_AddTask                          0x08004b21   Thumb Code    90  segger_sysview_artos.o(i.SYSVIEW_AddTask)
    SYSVIEW_SendTaskInfo                     0x08004b91   Thumb Code    42  segger_sysview_artos.o(i.SYSVIEW_SendTaskInfo)
    SysTick_Handler                          0x08004bbb   Thumb Code    26  cmsis_os2.o(i.SysTick_Handler)
    SystemClock_Config                       0x08004bd5   Thumb Code   140  main.o(i.SystemClock_Config)
    SystemInit                               0x08004c69   Thumb Code    12  system_stm32f4xx.o(i.SystemInit)
    TIM6_DAC_IRQHandler                      0x08004c79   Thumb Code     6  stm32f4xx_it.o(i.TIM6_DAC_IRQHandler)
    TIM_Base_SetConfig                       0x08004c85   Thumb Code   164  stm32f4xx_hal_tim.o(i.TIM_Base_SetConfig)
    TIM_CCxChannelCmd                        0x08004d55   Thumb Code    26  stm32f4xx_hal_tim.o(i.TIM_CCxChannelCmd)
    TIM_ETR_SetConfig                        0x08004d6f   Thumb Code    20  stm32f4xx_hal_tim.o(i.TIM_ETR_SetConfig)
    TIM_OC2_SetConfig                        0x08004df5   Thumb Code    98  stm32f4xx_hal_tim.o(i.TIM_OC2_SetConfig)
    UART_Start_Receive_DMA                   0x08005295   Thumb Code   146  stm32f4xx_hal_uart.o(i.UART_Start_Receive_DMA)
    USART1_IRQHandler                        0x080053a9   Thumb Code     6  stm32f4xx_it.o(i.USART1_IRQHandler)
    USART3_IRQHandler                        0x080053b5   Thumb Code     6  stm32f4xx_it.o(i.USART3_IRQHandler)
    UsageFault_Handler                       0x080053c1   Thumb Code     2  stm32f4xx_it.o(i.UsageFault_Handler)
    __0printf                                0x08005689   Thumb Code    22  printfa.o(i.__0printf)
    __1printf                                0x08005689   Thumb Code     0  printfa.o(i.__0printf)
    __2printf                                0x08005689   Thumb Code     0  printfa.o(i.__0printf)
    __c89printf                              0x08005689   Thumb Code     0  printfa.o(i.__0printf)
    printf                                   0x08005689   Thumb Code     0  printfa.o(i.__0printf)
    __ARM_fpclassifyf                        0x080056a9   Thumb Code    38  fpclassifyf.o(i.__ARM_fpclassifyf)
    __hardfp_asinf                           0x080056f1   Thumb Code   258  asinf.o(i.__hardfp_asinf)
    __hardfp_atan2f                          0x0800581d   Thumb Code   594  atan2f.o(i.__hardfp_atan2f)
    __hardfp_sqrt                            0x08005ac9   Thumb Code   122  sqrt.o(i.__hardfp_sqrt)
    __mathlib_flt_infnan                     0x08005b43   Thumb Code     6  funder.o(i.__mathlib_flt_infnan)
    __mathlib_flt_infnan2                    0x08005b49   Thumb Code     6  funder.o(i.__mathlib_flt_infnan2)
    __mathlib_flt_invalid                    0x08005b51   Thumb Code    10  funder.o(i.__mathlib_flt_invalid)
    __mathlib_flt_underflow                  0x08005b61   Thumb Code    10  funder.o(i.__mathlib_flt_underflow)
    __scatterload_copy                       0x08005b71   Thumb Code    14  handlers.o(i.__scatterload_copy)
    __scatterload_null                       0x08005b7f   Thumb Code     2  handlers.o(i.__scatterload_null)
    __scatterload_zeroinit                   0x08005b81   Thumb Code    14  handlers.o(i.__scatterload_zeroinit)
    __set_errno                              0x08005b91   Thumb Code     6  errno.o(i.__set_errno)
    acAttitudeCtrl                           0x080064dd   Thumb Code   180  algo_attitude_ctrl.o(i.acAttitudeCtrl)
    acMixerCtrl                              0x08006595   Thumb Code   266  algo_attitude_ctrl.o(i.acMixerCtrl)
    acPpidInit                               0x080066a5   Thumb Code    72  algo_attitude_ctrl.o(i.acPpidInit)
    beepSet                                  0x080066f9   Thumb Code     8  drv_tim.o(i.beepSet)
    bmi088AccelInit                          0x08006705   Thumb Code   434  drv_bmi088.o(i.bmi088AccelInit)
    bmi088GyroInit                           0x080068dd   Thumb Code   224  drv_bmi088.o(i.bmi088GyroInit)
    bmi088Init                               0x080069e1   Thumb Code    14  drv_bmi088.o(i.bmi088Init)
    bmi088Read                               0x080069f1   Thumb Code   296  drv_bmi088.o(i.bmi088Read)
    fputc                                    0x08006b1d   Thumb Code    18  drv_uart.o(i.fputc)
    imuAttitudeGet                           0x08006b35   Thumb Code   252  task_imu.o(i.imuAttitudeGet)
    imuQuaternionUpdate                      0x08006c49   Thumb Code    16  task_imu.o(i.imuQuaternionUpdate)
    imuTempCtrl                              0x08006c59   Thumb Code    62  task_imu.o(i.imuTempCtrl)
    invSqrt                                  0x08006cad   Thumb Code    40  algo_mahony_ahrs.o(i.invSqrt)
    ist8310Init                              0x08006cd9   Thumb Code    78  drv_ist8310.o(i.ist8310Init)
    ist8310Read                              0x08006d2d   Thumb Code    80  drv_ist8310.o(i.ist8310Read)
    main                                     0x08006d81   Thumb Code    74  main.o(i.main)
    osDelay                                  0x08006dcb   Thumb Code    26  cmsis_os2.o(i.osDelay)
    osEventFlagsNew                          0x08006de5   Thumb Code    44  cmsis_os2.o(i.osEventFlagsNew)
    osEventFlagsSet                          0x08006e11   Thumb Code    78  cmsis_os2.o(i.osEventFlagsSet)
    osEventFlagsWait                         0x08006e65   Thumb Code    98  cmsis_os2.o(i.osEventFlagsWait)
    osKernelInitialize                       0x08006ec9   Thumb Code    32  cmsis_os2.o(i.osKernelInitialize)
    osKernelStart                            0x08006eed   Thumb Code    48  cmsis_os2.o(i.osKernelStart)
    osMutexNew                               0x08006f25   Thumb Code   104  cmsis_os2.o(i.osMutexNew)
    osThreadInitialize                       0x08006f8d   Thumb Code    56  artos.o(i.osThreadInitialize)
    osThreadNew                              0x08006fd5   Thumb Code   138  cmsis_os2.o(i.osThreadNew)
    pidCalculate                             0x0800705f   Thumb Code   166  algo_pid.o(i.pidCalculate)
    pidInit                                  0x08007105   Thumb Code    78  algo_pid.o(i.pidInit)
    pvPortMalloc                             0x0800795d   Thumb Code   216  heap_4.o(i.pvPortMalloc)
    pwmSet                                   0x08007a39   Thumb Code    30  drv_tim.o(i.pwmSet)
    pxPortInitialiseStack                    0x08007a5d   Thumb Code    40  port.o(i.pxPortInitialiseStack)
    rcRemoteCtrl                             0x08007a89   Thumb Code   424  algo_remote_ctrl.o(i.rcRemoteCtrl)
    sbusProcess                              0x08007c85   Thumb Code   290  prot_sbus.o(i.sbusProcess)
    sbusStart                                0x08007dad   Thumb Code    32  prot_sbus.o(i.sbusStart)
    shellBackspace                           0x08007dd5   Thumb Code     6  shell.o(i.shellBackspace)
    shellCheckPermission                     0x08007ddb   Thumb Code    46  shell.o(i.shellCheckPermission)
    shellClear                               0x08007e09   Thumb Code    24  shell.o(i.shellClear)
    shellClearCommandLine                    0x08007e25   Thumb Code    48  shell.o(i.shellClearCommandLine)
    shellCmds                                0x08007e55   Thumb Code    20  shell.o(i.shellCmds)
    shellDelete                              0x08007e69   Thumb Code     8  shell.o(i.shellDelete)
    shellDeleteByte                          0x08007e71   Thumb Code   214  shell.o(i.shellDeleteByte)
    shellDeleteCommandLine                   0x08007f49   Thumb Code    24  shell.o(i.shellDeleteCommandLine)
    shellDown                                0x08007f65   Thumb Code     8  shell.o(i.shellDown)
    shellEnter                               0x08007f6d   Thumb Code    20  shell.o(i.shellEnter)
    shellExec                                0x08007f81   Thumb Code   136  shell.o(i.shellExec)
    shellExtParsePara                        0x08008157   Thumb Code   160  shell_ext.o(i.shellExtParsePara)
    shellExtRun                              0x080081f7   Thumb Code   198  shell_ext.o(i.shellExtRun)
    shellGetCurrent                          0x080082f9   Thumb Code    36  shell.o(i.shellGetCurrent)
    shellGetVarValue                         0x08008321   Thumb Code    62  shell.o(i.shellGetVarValue)
    shellHelp                                0x0800835f   Thumb Code    40  shell.o(i.shellHelp)
    shellKeys                                0x08008487   Thumb Code    20  shell.o(i.shellKeys)
    shellLeft                                0x0800849b   Thumb Code    32  shell.o(i.shellLeft)
    shellListCommand                         0x080084bd   Thumb Code    72  shell.o(i.shellListCommand)
    shellListItem                            0x08008509   Thumb Code   228  shell.o(i.shellListItem)
    shellListKey                             0x080085fd   Thumb Code    76  shell.o(i.shellListKey)
    shellListUser                            0x0800864d   Thumb Code    76  shell.o(i.shellListUser)
    shellListVar                             0x0800869d   Thumb Code    74  shell.o(i.shellListVar)
    shellRight                               0x08008765   Thumb Code    32  shell.o(i.shellRight)
    shellRunCommand                          0x08008785   Thumb Code   184  shell.o(i.shellRunCommand)
    shellSeekCommand                         0x0800883d   Thumb Code   110  shell.o(i.shellSeekCommand)
    shellSetVar                              0x0800890d   Thumb Code    82  shell.o(i.shellSetVar)
    shellSetVarValue                         0x08008965   Thumb Code   108  shell.o(i.shellSetVarValue)
    shellTab                                 0x08008ac1   Thumb Code   358  shell.o(i.shellTab)
    shellToDec                               0x08008c35   Thumb Code    76  shell.o(i.shellToDec)
    shellToHex                               0x08008c81   Thumb Code    42  shell.o(i.shellToHex)
    shellUp                                  0x08008cab   Thumb Code     6  shell.o(i.shellUp)
    shellUsers                               0x08008cb1   Thumb Code    20  shell.o(i.shellUsers)
    shellVars                                0x08008cc5   Thumb Code    20  shell.o(i.shellVars)
    shellWriteString                         0x08008e0d   Thumb Code    36  shell.o(i.shellWriteString)
    sqrtf                                    0x08008e31   Thumb Code    62  sqrtf.o(i.sqrtf)
    taskIMU                                  0x08008e71   Thumb Code   118  task_imu.o(i.taskIMU)
    taskRC                                   0x08008f05   Thumb Code    24  task_rc.o(i.taskRC)
    test                                     0x08008f1d   Thumb Code    18  task_shell.o(i.test)
    timStart                                 0x08008f59   Thumb Code    46  drv_tim.o(i.timStart)
    timTempStart                             0x08008f91   Thumb Code     8  drv_tim.o(i.timTempStart)
    uxListRemove                             0x08008f9d   Thumb Code    38  list.o(i.uxListRemove)
    uxTaskGetStackHighWaterMark              0x08008fc5   Thumb Code    12  task.o(i.uxTaskGetStackHighWaterMark)
    uxTaskResetEventItemValue                0x08008fd5   Thumb Code    20  task.o(i.uxTaskResetEventItemValue)
    vApplicationGetIdleTaskMemory            0x08008fed   Thumb Code    16  cmsis_os2.o(i.vApplicationGetIdleTaskMemory)
    vApplicationGetTimerTaskMemory           0x08009001   Thumb Code    18  cmsis_os2.o(i.vApplicationGetTimerTaskMemory)
    vEventGroupSetBitsCallback               0x08009019   Thumb Code     4  event.o(i.vEventGroupSetBitsCallback)
    vListInitialise                          0x0800901d   Thumb Code    22  list.o(i.vListInitialise)
    vListInitialiseItem                      0x08009033   Thumb Code     6  list.o(i.vListInitialiseItem)
    vListInsert                              0x08009039   Thumb Code    48  list.o(i.vListInsert)
    vListInsertEnd                           0x08009069   Thumb Code    24  list.o(i.vListInsertEnd)
    vPortEnterCritical                       0x08009081   Thumb Code    54  port.o(i.vPortEnterCritical)
    vPortExitCritical                        0x080090c1   Thumb Code    34  port.o(i.vPortExitCritical)
    vPortFree                                0x080090e9   Thumb Code    94  heap_4.o(i.vPortFree)
    vPortSetupTimerInterrupt                 0x0800914d   Thumb Code    32  port.o(i.vPortSetupTimerInterrupt)
    vPortValidateInterruptPriority           0x08009171   Thumb Code    74  port.o(i.vPortValidateInterruptPriority)
    vQueueAddToRegistry                      0x080091c5   Thumb Code    50  queue.o(i.vQueueAddToRegistry)
    vQueueWaitForMessageRestricted           0x080091fd   Thumb Code    68  queue.o(i.vQueueWaitForMessageRestricted)
    vTaskDelay                               0x08009241   Thumb Code    74  task.o(i.vTaskDelay)
    vTaskInternalSetTimeOutState             0x08009295   Thumb Code    12  task.o(i.vTaskInternalSetTimeOutState)
    vTaskMissedYield                         0x080092a5   Thumb Code     8  task.o(i.vTaskMissedYield)
    vTaskPlaceOnEventList                    0x080092b1   Thumb Code    44  task.o(i.vTaskPlaceOnEventList)
    vTaskPlaceOnEventListRestricted          0x080092e1   Thumb Code    58  task.o(i.vTaskPlaceOnEventListRestricted)
    vTaskPlaceOnUnorderedEventList           0x08009321   Thumb Code    76  task.o(i.vTaskPlaceOnUnorderedEventList)
    vTaskRemoveFromUnorderedEventList        0x08009371   Thumb Code   108  task.o(i.vTaskRemoveFromUnorderedEventList)
    vTaskStartScheduler                      0x080093e5   Thumb Code   144  task.o(i.vTaskStartScheduler)
    vTaskSuspendAll                          0x0800948d   Thumb Code    10  task.o(i.vTaskSuspendAll)
    vTaskSwitchContext                       0x0800949d   Thumb Code   120  task.o(i.vTaskSwitchContext)
    xEventGroupCreate                        0x08009525   Thumb Code    28  event.o(i.xEventGroupCreate)
    xEventGroupCreateStatic                  0x08009541   Thumb Code    44  event.o(i.xEventGroupCreateStatic)
    xEventGroupSetBits                       0x0800956d   Thumb Code   140  event.o(i.xEventGroupSetBits)
    xEventGroupSetBitsFromISR                0x080095f9   Thumb Code    12  event.o(i.xEventGroupSetBitsFromISR)
    xEventGroupWaitBits                      0x08009609   Thumb Code   260  event.o(i.xEventGroupWaitBits)
    xPortStartScheduler                      0x08009711   Thumb Code   222  port.o(i.xPortStartScheduler)
    xPortSysTickHandler                      0x08009805   Thumb Code    38  port.o(i.xPortSysTickHandler)
    xQueueCreateMutex                        0x08009831   Thumb Code    22  queue.o(i.xQueueCreateMutex)
    xQueueCreateMutexStatic                  0x08009847   Thumb Code    26  queue.o(i.xQueueCreateMutexStatic)
    xQueueGenericCreate                      0x08009861   Thumb Code    66  queue.o(i.xQueueGenericCreate)
    xQueueGenericCreateStatic                0x080098a3   Thumb Code   102  queue.o(i.xQueueGenericCreateStatic)
    xQueueGenericReset                       0x08009909   Thumb Code   132  queue.o(i.xQueueGenericReset)
    xQueueGenericSend                        0x08009991   Thumb Code   386  queue.o(i.xQueueGenericSend)
    xQueueGenericSendFromISR                 0x08009b19   Thumb Code   222  queue.o(i.xQueueGenericSendFromISR)
    xQueueReceive                            0x08009bf9   Thumb Code   366  queue.o(i.xQueueReceive)
    xTaskCheckForTimeOut                     0x08009d6d   Thumb Code   112  task.o(i.xTaskCheckForTimeOut)
    xTaskCreate                              0x08009de1   Thumb Code    90  task.o(i.xTaskCreate)
    xTaskCreateStatic                        0x08009e3b   Thumb Code    86  task.o(i.xTaskCreateStatic)
    xTaskGetSchedulerState                   0x08009e91   Thumb Code    22  task.o(i.xTaskGetSchedulerState)
    xTaskGetTickCount                        0x08009ead   Thumb Code     6  task.o(i.xTaskGetTickCount)
    xTaskGetTickCountFromISR                 0x08009eb9   Thumb Code    12  task.o(i.xTaskGetTickCountFromISR)
    xTaskIncrementTick                       0x08009ec9   Thumb Code   198  task.o(i.xTaskIncrementTick)
    xTaskPriorityDisinherit                  0x08009f99   Thumb Code   132  task.o(i.xTaskPriorityDisinherit)
    xTaskRemoveFromEventList                 0x0800a025   Thumb Code   104  task.o(i.xTaskRemoveFromEventList)
    xTaskResumeAll                           0x0800a099   Thumb Code   186  task.o(i.xTaskResumeAll)
    xTimerCreateTimerTask                    0x0800a161   Thumb Code    78  timer.o(i.xTimerCreateTimerTask)
    xTimerGenericCommand                     0x0800a1c1   Thumb Code    98  timer.o(i.xTimerGenericCommand)
    xTimerPendFunctionCallFromISR            0x0800a229   Thumb Code    34  timer.o(i.xTimerPendFunctionCallFromISR)
    shellCmdtest                             0x0800a250   Data           5  task_shell.o(.constdata)
    shellDesctest                            0x0800a255   Data           5  task_shell.o(.constdata)
    imu_attributes                           0x0800a25c   Data          36  artos.o(.constdata)
    rc_attributes                            0x0800a280   Data          36  artos.o(.constdata)
    shell_mutex_attributes                   0x0800a2a4   Data          16  artos.o(.constdata)
    imu_event_attributes                     0x0800a2b4   Data          16  artos.o(.constdata)
    shellCmdDefaultUser                      0x0800a2c4   Data           7  shell.o(.constdata)
    shellPasswordDefaultUser                 0x0800a2cb   Data           1  shell.o(.constdata)
    shellDesDefaultUser                      0x0800a2cc   Data          13  shell.o(.constdata)
    shellCmdsetVar                           0x0800a2d9   Data           7  shell.o(.constdata)
    shellDescsetVar                          0x0800a2e0   Data           8  shell.o(.constdata)
    shellDesc0x1B5B4100                      0x0800a2e8   Data           3  shell.o(.constdata)
    shellDesc0x1B5B4200                      0x0800a2eb   Data           5  shell.o(.constdata)
    shellDesc0x1B5B4300                      0x0800a2f0   Data           6  shell.o(.constdata)
    shellDesc0x1B5B4400                      0x0800a2f6   Data           5  shell.o(.constdata)
    shellDesc0x09000000                      0x0800a2fb   Data           4  shell.o(.constdata)
    shellDesc0x08000000                      0x0800a2ff   Data          10  shell.o(.constdata)
    shellDesc0x7F000000                      0x0800a309   Data          10  shell.o(.constdata)
    shellDesc0x1B5B337E                      0x0800a313   Data           7  shell.o(.constdata)
    shellDesc0x0A000000                      0x0800a31a   Data           6  shell.o(.constdata)
    shellDesc0x0D0A0000                      0x0800a320   Data           6  shell.o(.constdata)
    shellCmdhelp                             0x0800a326   Data           5  shell.o(.constdata)
    shellDeschelp                            0x0800a32b   Data          30  shell.o(.constdata)
    shellCmdusers                            0x0800a349   Data           6  shell.o(.constdata)
    shellDescusers                           0x0800a34f   Data          14  shell.o(.constdata)
    shellCmdcmds                             0x0800a35d   Data           5  shell.o(.constdata)
    shellDesccmds                            0x0800a362   Data          13  shell.o(.constdata)
    shellCmdvars                             0x0800a36f   Data           5  shell.o(.constdata)
    shellDescvars                            0x0800a374   Data          13  shell.o(.constdata)
    shellCmdkeys                             0x0800a381   Data           5  shell.o(.constdata)
    shellDesckeys                            0x0800a386   Data          13  shell.o(.constdata)
    shellCmdclear                            0x0800a393   Data           6  shell.o(.constdata)
    shellDescclear                           0x0800a399   Data          14  shell.o(.constdata)
    SYSVIEW_X_OS_TraceAPI                    0x0800a3d4   Data           8  segger_sysview_artos.o(.constdata)
    AHBPrescTable                            0x0800a3e4   Data          16  system_stm32f4xx.o(.constdata)
    APBPrescTable                            0x0800a3f4   Data           8  system_stm32f4xx.o(.constdata)
    Region$$Table$$Base                      0x0800a714   Number         0  anon$$obj.o(Region$$Table)
    Region$$Table$$Limit                     0x0800a734   Number         0  anon$$obj.o(Region$$Table)
    shellCommand$$Base                       0x0800a734   Number         0  task_shell.o(shellCommand)
    shellCommandtest                         0x0800a734   Data          16  task_shell.o(shellCommand)
    shellUserDefault                         0x0800a744   Data          16  shell.o(shellCommand)
    shellCommandsetVar                       0x0800a754   Data          16  shell.o(shellCommand)
    shellKey0x1B5B4100                       0x0800a764   Data          16  shell.o(shellCommand)
    shellKey0x1B5B4200                       0x0800a774   Data          16  shell.o(shellCommand)
    shellKey0x1B5B4300                       0x0800a784   Data          16  shell.o(shellCommand)
    shellKey0x1B5B4400                       0x0800a794   Data          16  shell.o(shellCommand)
    shellKey0x09000000                       0x0800a7a4   Data          16  shell.o(shellCommand)
    shellKey0x08000000                       0x0800a7b4   Data          16  shell.o(shellCommand)
    shellKey0x7F000000                       0x0800a7c4   Data          16  shell.o(shellCommand)
    shellKey0x1B5B337E                       0x0800a7d4   Data          16  shell.o(shellCommand)
    shellKey0x0A000000                       0x0800a7e4   Data          16  shell.o(shellCommand)
    shellKey0x0D0A0000                       0x0800a7f4   Data          16  shell.o(shellCommand)
    shellCommandhelp                         0x0800a804   Data          16  shell.o(shellCommand)
    shellCommandusers                        0x0800a814   Data          16  shell.o(shellCommand)
    shellCommandcmds                         0x0800a824   Data          16  shell.o(shellCommand)
    shellCommandvars                         0x0800a834   Data          16  shell.o(shellCommand)
    shellCommandkeys                         0x0800a844   Data          16  shell.o(shellCommand)
    shellCommandclear                        0x0800a854   Data          16  shell.o(shellCommand)
    shellCommand$$Limit                      0x0800a864   Number         0  shell.o(shellCommand)
    BMI088_ACCEL_SEN                         0x20000000   Data           4  drv_bmi088.o(.data)
    BMI088_GYRO_SEN                          0x20000004   Data           4  drv_bmi088.o(.data)
    motor_pwm                                0x20000008   Data           8  algo_attitude_ctrl.o(.data)
    att_r_pid_param                          0x20000010   Data          20  algo_attitude_ctrl.o(.data)
    att_p_pid_param                          0x20000024   Data          20  algo_attitude_ctrl.o(.data)
    att_y_pid_param                          0x20000038   Data          20  algo_attitude_ctrl.o(.data)
    rate_r_pid_param                         0x2000004c   Data          20  algo_attitude_ctrl.o(.data)
    rate_p_pid_param                         0x20000060   Data          20  algo_attitude_ctrl.o(.data)
    rate_y_pid_param                         0x20000074   Data          20  algo_attitude_ctrl.o(.data)
    twoKp                                    0x20000088   Data           4  algo_mahony_ahrs.o(.data)
    twoKi                                    0x2000008c   Data           4  algo_mahony_ahrs.o(.data)
    q0                                       0x20000090   Data           4  algo_mahony_ahrs.o(.data)
    q1                                       0x20000094   Data           4  algo_mahony_ahrs.o(.data)
    q2                                       0x20000098   Data           4  algo_mahony_ahrs.o(.data)
    q3                                       0x2000009c   Data           4  algo_mahony_ahrs.o(.data)
    integralFBx                              0x200000a0   Data           4  algo_mahony_ahrs.o(.data)
    integralFBy                              0x200000a4   Data           4  algo_mahony_ahrs.o(.data)
    integralFBz                              0x200000a8   Data           4  algo_mahony_ahrs.o(.data)
    mav_state                                0x200000ac   Data           1  algo_remote_ctrl.o(.data)
    temp_pid_param                           0x200000b4   Data          20  task_imu.o(.data)
    imuHandle                                0x200000c8   Data           4  artos.o(.data)
    rcHandle                                 0x200000cc   Data           4  artos.o(.data)
    shell_mutexHandle                        0x200000d0   Data           4  artos.o(.data)
    imu_eventHandle                          0x200000d4   Data           4  artos.o(.data)
    pxCurrentTCB                             0x20000108   Data           4  task.o(.data)
    uwTickFreq                               0x200001c0   Data           1  stm32f4xx_hal.o(.data)
    uwTickPrio                               0x200001c4   Data           4  stm32f4xx_hal.o(.data)
    uwTick                                   0x200001c8   Data           4  stm32f4xx_hal.o(.data)
    SystemCoreClock                          0x200001cc   Data           4  system_stm32f4xx.o(.data)
    __stdout                                 0x200001d0   Data           4  stdout.o(.data)
    hadc1                                    0x200001d8   Data          72  adc.o(.bss)
    hadc3                                    0x20000220   Data          72  adc.o(.bss)
    hcan1                                    0x20000268   Data          40  can.o(.bss)
    hi2c3                                    0x20000290   Data          84  i2c.o(.bss)
    hspi1                                    0x200002e4   Data          88  spi.o(.bss)
    htim1                                    0x2000033c   Data          72  tim.o(.bss)
    htim4                                    0x20000384   Data          72  tim.o(.bss)
    htim10                                   0x200003cc   Data          72  tim.o(.bss)
    huart1                                   0x20000414   Data          72  usart.o(.bss)
    huart3                                   0x2000045c   Data          72  usart.o(.bss)
    huart6                                   0x200004a4   Data          72  usart.o(.bss)
    hdma_usart3_rx                           0x200004ec   Data          96  usart.o(.bss)
    htim6                                    0x2000054c   Data          72  stm32f4xx_hal_timebase_tim.o(.bss)
    bmi088_data                              0x20000594   Data          32  drv_bmi088.o(.bss)
    ist8310_data                             0x200005b4   Data          16  drv_ist8310.o(.bss)
    sbus_buf                                 0x200005c4   Data          25  prot_sbus.o(.bss)
    sbus_ch                                  0x200005de   Data          82  prot_sbus.o(.bss)
    angle_m                                  0x20000630   Data          12  algo_attitude_ctrl.o(.bss)
    angle_d                                  0x2000063c   Data          12  algo_attitude_ctrl.o(.bss)
    rate_m                                   0x20000648   Data          12  algo_attitude_ctrl.o(.bss)
    rate_d                                   0x20000654   Data          12  algo_attitude_ctrl.o(.bss)
    xQueueRegistry                           0x20004abc   Data          64  queue.o(.bss)
    _SEGGER_RTT                              0x200050f8   Data         168  segger_rtt.o(.bss)
    __initial_sp                             0x20005f60   Data           0  startup_stm32f407xx.o(STACK)



==============================================================================

Memory Map of the image

  Image Entry point : 0x08000189

  Load Region LR_IROM1 (Base: 0x08000000, Size: 0x0000aa3c, Max: 0x00100000, ABSOLUTE, COMPRESSED[0x0000a8e8])

    Execution Region ER_IROM1 (Exec base: 0x08000000, Load base: 0x08000000, Size: 0x0000a864, Max: 0x00100000, ABSOLUTE)

    Exec Addr    Load Addr    Size         Type   Attr      Idx    E Section Name        Object

    0x08000000   0x08000000   0x00000188   Data   RO            3    RESET               startup_stm32f407xx.o
    0x08000188   0x08000188   0x00000000   Code   RO         8369  * .ARM.Collect$$$$00000000  mc_w.l(entry.o)
    0x08000188   0x08000188   0x00000004   Code   RO         8691    .ARM.Collect$$$$00000001  mc_w.l(entry2.o)
    0x0800018c   0x0800018c   0x00000004   Code   RO         8694    .ARM.Collect$$$$00000004  mc_w.l(entry5.o)
    0x08000190   0x08000190   0x00000000   Code   RO         8696    .ARM.Collect$$$$00000008  mc_w.l(entry7b.o)
    0x08000190   0x08000190   0x00000000   Code   RO         8698    .ARM.Collect$$$$0000000A  mc_w.l(entry8b.o)
    0x08000190   0x08000190   0x00000008   Code   RO         8699    .ARM.Collect$$$$0000000B  mc_w.l(entry9a.o)
    0x08000198   0x08000198   0x00000004   Code   RO         8706    .ARM.Collect$$$$0000000E  mc_w.l(entry12b.o)
    0x0800019c   0x0800019c   0x00000000   Code   RO         8701    .ARM.Collect$$$$0000000F  mc_w.l(entry10a.o)
    0x0800019c   0x0800019c   0x00000000   Code   RO         8703    .ARM.Collect$$$$00000011  mc_w.l(entry11a.o)
    0x0800019c   0x0800019c   0x00000004   Code   RO         8692    .ARM.Collect$$$$00002712  mc_w.l(entry2.o)
    0x080001a0   0x080001a0   0x000000be   Code   RO         2234    .emb_text           port.o
    0x0800025e   0x0800025e   0x00000002   PAD
    0x08000260   0x08000260   0x00000024   Code   RO            4    .text               startup_stm32f407xx.o
    0x08000284   0x08000284   0x00000062   Code   RO         8372    .text               mc_w.l(uldiv.o)
    0x080002e6   0x080002e6   0x00000024   Code   RO         8374    .text               mc_w.l(memcpya.o)
    0x0800030a   0x0800030a   0x00000024   Code   RO         8378    .text               mc_w.l(memseta.o)
    0x0800032e   0x0800032e   0x0000000e   Code   RO         8380    .text               mc_w.l(strlen.o)
    0x0800033c   0x0800033c   0x0000001c   Code   RO         8382    .text               mc_w.l(strcmp.o)
    0x08000358   0x08000358   0x0000001a   Code   RO         8384    .text               mc_w.l(memcmp.o)
    0x08000372   0x08000372   0x0000001e   Code   RO         8386    .text               mc_w.l(strncmp.o)
    0x08000390   0x08000390   0x0000014e   Code   RO         8653    .text               mf_w.l(dadd.o)
    0x080004de   0x080004de   0x000000e4   Code   RO         8655    .text               mf_w.l(dmul.o)
    0x080005c2   0x080005c2   0x00000022   Code   RO         8657    .text               mf_w.l(dflti.o)
    0x080005e4   0x080005e4   0x00000026   Code   RO         8659    .text               mf_w.l(f2d.o)
    0x0800060a   0x0800060a   0x00000038   Code   RO         8661    .text               mf_w.l(d2f.o)
    0x08000642   0x08000642   0x0000002c   Code   RO         8708    .text               mc_w.l(uidiv.o)
    0x0800066e   0x0800066e   0x0000001e   Code   RO         8710    .text               mc_w.l(llshl.o)
    0x0800068c   0x0800068c   0x00000020   Code   RO         8712    .text               mc_w.l(llushr.o)
    0x080006ac   0x080006ac   0x00000024   Code   RO         8714    .text               mc_w.l(llsshr.o)
    0x080006d0   0x080006d0   0x00000000   Code   RO         8737    .text               mc_w.l(iusefp.o)
    0x080006d0   0x080006d0   0x0000006e   Code   RO         8738    .text               mf_w.l(fepilogue.o)
    0x0800073e   0x0800073e   0x000000ba   Code   RO         8740    .text               mf_w.l(depilogue.o)
    0x080007f8   0x080007f8   0x000000de   Code   RO         8742    .text               mf_w.l(ddiv.o)
    0x080008d6   0x080008d6   0x000000a2   Code   RO         8744    .text               mf_w.l(dsqrt.o)
    0x08000978   0x08000978   0x00000030   Code   RO         8746    .text               mf_w.l(dfixul.o)
    0x080009a8   0x080009a8   0x00000030   Code   RO         8750    .text               mf_w.l(cdrcmple.o)
    0x080009d8   0x080009d8   0x00000024   Code   RO         8752    .text               mc_w.l(init.o)
    0x080009fc   0x080009fc   0x00000056   Code   RO         8773    .text               mc_w.l(__dczerorl2.o)
    0x08000a52   0x08000a52   0x00000002   PAD
    0x08000a54   0x08000a54   0x00000128   Code   RO         5499    i.ADC_Init          stm32f4xx_hal_adc.o
    0x08000b7c   0x08000b7c   0x0000004c   Code   RO          860    i.BMI088_Accel_ReadRegs  drv_bmi088.o
    0x08000bc8   0x08000bc8   0x00000044   Code   RO          861    i.BMI088_Gyro_ReadRegs  drv_bmi088.o
    0x08000c0c   0x08000c0c   0x00000002   Code   RO          597    i.BusFault_Handler  stm32f4xx_it.o
    0x08000c0e   0x08000c0e   0x00000002   PAD
    0x08000c10   0x08000c10   0x0000000c   Code   RO          598    i.DMA1_Stream1_IRQHandler  stm32f4xx_it.o
    0x08000c1c   0x08000c1c   0x00000028   Code   RO         6233    i.DMA_CalcBaseAndBitshift  stm32f4xx_hal_dma.o
    0x08000c44   0x08000c44   0x00000054   Code   RO         6234    i.DMA_CheckFifoParam  stm32f4xx_hal_dma.o
    0x08000c98   0x08000c98   0x00000028   Code   RO         6235    i.DMA_SetConfig     stm32f4xx_hal_dma.o
    0x08000cc0   0x08000cc0   0x00000002   Code   RO          599    i.DebugMon_Handler  stm32f4xx_it.o
    0x08000cc2   0x08000cc2   0x00000006   Code   RO          600    i.EXTI3_IRQHandler  stm32f4xx_it.o
    0x08000cc8   0x08000cc8   0x00000006   Code   RO          601    i.EXTI9_5_IRQHandler  stm32f4xx_it.o
    0x08000cce   0x08000cce   0x00000004   Code   RO           13    i.Error_Handler     main.o
    0x08000cd2   0x08000cd2   0x00000002   PAD
    0x08000cd4   0x08000cd4   0x0000014c   Code   RO         5501    i.HAL_ADC_ConfigChannel  stm32f4xx_hal_adc.o
    0x08000e20   0x08000e20   0x00000054   Code   RO         5510    i.HAL_ADC_Init      stm32f4xx_hal_adc.o
    0x08000e74   0x08000e74   0x0000007c   Code   RO          286    i.HAL_ADC_MspInit   adc.o
    0x08000ef0   0x08000ef0   0x0000011a   Code   RO         6938    i.HAL_CAN_Init      stm32f4xx_hal_can.o
    0x0800100a   0x0800100a   0x00000002   PAD
    0x0800100c   0x0800100c   0x00000068   Code   RO          334    i.HAL_CAN_MspInit   can.o
    0x08001074   0x08001074   0x00000092   Code   RO         6236    i.HAL_DMA_Abort     stm32f4xx_hal_dma.o
    0x08001106   0x08001106   0x00000024   Code   RO         6237    i.HAL_DMA_Abort_IT  stm32f4xx_hal_dma.o
    0x0800112a   0x0800112a   0x00000002   PAD
    0x0800112c   0x0800112c   0x000001a0   Code   RO         6241    i.HAL_DMA_IRQHandler  stm32f4xx_hal_dma.o
    0x080012cc   0x080012cc   0x000000d4   Code   RO         6242    i.HAL_DMA_Init      stm32f4xx_hal_dma.o
    0x080013a0   0x080013a0   0x0000006e   Code   RO         6246    i.HAL_DMA_Start_IT  stm32f4xx_hal_dma.o
    0x0800140e   0x0800140e   0x00000002   PAD
    0x08001410   0x08001410   0x00000024   Code   RO         6673    i.HAL_Delay         stm32f4xx_hal.o
    0x08001434   0x08001434   0x00000028   Code   RO         1006    i.HAL_Delay_us      drv_tim.o
    0x0800145c   0x0800145c   0x00000014   Code   RO         1281    i.HAL_GPIO_EXTI_Callback  task_imu.o
    0x08001470   0x08001470   0x00000018   Code   RO         6128    i.HAL_GPIO_EXTI_IRQHandler  stm32f4xx_hal_gpio.o
    0x08001488   0x08001488   0x000001f0   Code   RO         6129    i.HAL_GPIO_Init     stm32f4xx_hal_gpio.o
    0x08001678   0x08001678   0x0000000a   Code   RO         6133    i.HAL_GPIO_WritePin  stm32f4xx_hal_gpio.o
    0x08001682   0x08001682   0x00000002   PAD
    0x08001684   0x08001684   0x0000000c   Code   RO         6679    i.HAL_GetTick       stm32f4xx_hal.o
    0x08001690   0x08001690   0x00000188   Code   RO         7169    i.HAL_I2C_Init      stm32f4xx_hal_i2c.o
    0x08001818   0x08001818   0x00000204   Code   RO         7187    i.HAL_I2C_Mem_Read  stm32f4xx_hal_i2c.o
    0x08001a1c   0x08001a1c   0x00000130   Code   RO         7190    i.HAL_I2C_Mem_Write  stm32f4xx_hal_i2c.o
    0x08001b4c   0x08001b4c   0x00000088   Code   RO          400    i.HAL_I2C_MspInit   i2c.o
    0x08001bd4   0x08001bd4   0x00000010   Code   RO         6685    i.HAL_IncTick       stm32f4xx_hal.o
    0x08001be4   0x08001be4   0x00000034   Code   RO         6686    i.HAL_Init          stm32f4xx_hal.o
    0x08001c18   0x08001c18   0x00000098   Code   RO          715    i.HAL_InitTick      stm32f4xx_hal_timebase_tim.o
    0x08001cb0   0x08001cb0   0x00000038   Code   RO          691    i.HAL_MspInit       stm32f4xx_hal_msp.o
    0x08001ce8   0x08001ce8   0x0000001a   Code   RO         6521    i.HAL_NVIC_EnableIRQ  stm32f4xx_hal_cortex.o
    0x08001d02   0x08001d02   0x00000002   PAD
    0x08001d04   0x08001d04   0x00000040   Code   RO         6527    i.HAL_NVIC_SetPriority  stm32f4xx_hal_cortex.o
    0x08001d44   0x08001d44   0x00000024   Code   RO         6528    i.HAL_NVIC_SetPriorityGrouping  stm32f4xx_hal_cortex.o
    0x08001d68   0x08001d68   0x00000134   Code   RO         5775    i.HAL_RCC_ClockConfig  stm32f4xx_hal_rcc.o
    0x08001e9c   0x08001e9c   0x00000040   Code   RO         5779    i.HAL_RCC_GetClockConfig  stm32f4xx_hal_rcc.o
    0x08001edc   0x08001edc   0x00000020   Code   RO         5782    i.HAL_RCC_GetPCLK1Freq  stm32f4xx_hal_rcc.o
    0x08001efc   0x08001efc   0x00000020   Code   RO         5783    i.HAL_RCC_GetPCLK2Freq  stm32f4xx_hal_rcc.o
    0x08001f1c   0x08001f1c   0x00000064   Code   RO         5784    i.HAL_RCC_GetSysClockFreq  stm32f4xx_hal_rcc.o
    0x08001f80   0x08001f80   0x0000036c   Code   RO         5787    i.HAL_RCC_OscConfig  stm32f4xx_hal_rcc.o
    0x080022ec   0x080022ec   0x000000bc   Code   RO         7624    i.HAL_SPI_Init      stm32f4xx_hal_spi.o
    0x080023a8   0x080023a8   0x00000090   Code   RO          442    i.HAL_SPI_MspInit   spi.o
    0x08002438   0x08002438   0x000001f0   Code   RO         7633    i.HAL_SPI_TransmitReceive  stm32f4xx_hal_spi.o
    0x08002628   0x08002628   0x00000002   Code   RO         5229    i.HAL_TIMEx_BreakCallback  stm32f4xx_hal_tim_ex.o
    0x0800262a   0x0800262a   0x00000002   Code   RO         5230    i.HAL_TIMEx_CommutCallback  stm32f4xx_hal_tim_ex.o
    0x0800262c   0x0800262c   0x00000054   Code   RO         5232    i.HAL_TIMEx_ConfigBreakDeadTime  stm32f4xx_hal_tim_ex.o
    0x08002680   0x08002680   0x00000090   Code   RO         5248    i.HAL_TIMEx_MasterConfigSynchronization  stm32f4xx_hal_tim_ex.o
    0x08002710   0x08002710   0x0000005a   Code   RO         4525    i.HAL_TIM_Base_Init  stm32f4xx_hal_tim.o
    0x0800276a   0x0800276a   0x00000002   PAD
    0x0800276c   0x0800276c   0x00000060   Code   RO          484    i.HAL_TIM_Base_MspInit  tim.o
    0x080027cc   0x080027cc   0x00000080   Code   RO         4530    i.HAL_TIM_Base_Start_IT  stm32f4xx_hal_tim.o
    0x0800284c   0x0800284c   0x000000dc   Code   RO         4534    i.HAL_TIM_ConfigClockSource  stm32f4xx_hal_tim.o
    0x08002928   0x08002928   0x00000002   Code   RO         4559    i.HAL_TIM_IC_CaptureCallback  stm32f4xx_hal_tim.o
    0x0800292a   0x0800292a   0x00000130   Code   RO         4573    i.HAL_TIM_IRQHandler  stm32f4xx_hal_tim.o
    0x08002a5a   0x08002a5a   0x00000002   PAD
    0x08002a5c   0x08002a5c   0x000000b8   Code   RO          485    i.HAL_TIM_MspPostInit  tim.o
    0x08002b14   0x08002b14   0x00000002   Code   RO         4576    i.HAL_TIM_OC_DelayElapsedCallback  stm32f4xx_hal_tim.o
    0x08002b16   0x08002b16   0x000000cc   Code   RO         4597    i.HAL_TIM_PWM_ConfigChannel  stm32f4xx_hal_tim.o
    0x08002be2   0x08002be2   0x0000005a   Code   RO         4600    i.HAL_TIM_PWM_Init  stm32f4xx_hal_tim.o
    0x08002c3c   0x08002c3c   0x00000002   Code   RO         4602    i.HAL_TIM_PWM_MspInit  stm32f4xx_hal_tim.o
    0x08002c3e   0x08002c3e   0x00000002   Code   RO         4603    i.HAL_TIM_PWM_PulseFinishedCallback  stm32f4xx_hal_tim.o
    0x08002c40   0x08002c40   0x000000c8   Code   RO         4605    i.HAL_TIM_PWM_Start  stm32f4xx_hal_tim.o
    0x08002d08   0x08002d08   0x00000014   Code   RO           14    i.HAL_TIM_PeriodElapsedCallback  main.o
    0x08002d1c   0x08002d1c   0x00000002   Code   RO         4616    i.HAL_TIM_TriggerCallback  stm32f4xx_hal_tim.o
    0x08002d1e   0x08002d1e   0x0000004a   Code   RO         7945    i.HAL_UARTEx_ReceiveToIdle_DMA  stm32f4xx_hal_uart.o
    0x08002d68   0x08002d68   0x00000030   Code   RO         1054    i.HAL_UARTEx_RxEventCallback  prot_sbus.o
    0x08002d98   0x08002d98   0x00000070   Code   RO         7959    i.HAL_UART_DMAStop  stm32f4xx_hal_uart.o
    0x08002e08   0x08002e08   0x00000002   Code   RO         7961    i.HAL_UART_ErrorCallback  stm32f4xx_hal_uart.o
    0x08002e0a   0x08002e0a   0x00000002   PAD
    0x08002e0c   0x08002e0c   0x00000280   Code   RO         7964    i.HAL_UART_IRQHandler  stm32f4xx_hal_uart.o
    0x0800308c   0x0800308c   0x00000064   Code   RO         7965    i.HAL_UART_Init     stm32f4xx_hal_uart.o
    0x080030f0   0x080030f0   0x00000180   Code   RO          544    i.HAL_UART_MspInit  usart.o
    0x08003270   0x08003270   0x00000002   Code   RO         7971    i.HAL_UART_RxCpltCallback  stm32f4xx_hal_uart.o
    0x08003272   0x08003272   0x00000002   Code   RO         7972    i.HAL_UART_RxHalfCpltCallback  stm32f4xx_hal_uart.o
    0x08003274   0x08003274   0x000000a0   Code   RO         7973    i.HAL_UART_Transmit  stm32f4xx_hal_uart.o
    0x08003314   0x08003314   0x00000002   Code   RO         7976    i.HAL_UART_TxCpltCallback  stm32f4xx_hal_uart.o
    0x08003316   0x08003316   0x00000002   Code   RO          602    i.HardFault_Handler  stm32f4xx_it.o
    0x08003318   0x08003318   0x0000002e   Code   RO         7212    i.I2C_IsAcknowledgeFailed  stm32f4xx_hal_i2c.o
    0x08003346   0x08003346   0x00000002   PAD
    0x08003348   0x08003348   0x000000fc   Code   RO         7222    i.I2C_RequestMemoryRead  stm32f4xx_hal_i2c.o
    0x08003444   0x08003444   0x000000a8   Code   RO         7223    i.I2C_RequestMemoryWrite  stm32f4xx_hal_i2c.o
    0x080034ec   0x080034ec   0x00000056   Code   RO         7227    i.I2C_WaitOnBTFFlagUntilTimeout  stm32f4xx_hal_i2c.o
    0x08003542   0x08003542   0x00000002   PAD
    0x08003544   0x08003544   0x00000090   Code   RO         7228    i.I2C_WaitOnFlagUntilTimeout  stm32f4xx_hal_i2c.o
    0x080035d4   0x080035d4   0x000000bc   Code   RO         7229    i.I2C_WaitOnMasterAddressFlagUntilTimeout  stm32f4xx_hal_i2c.o
    0x08003690   0x08003690   0x00000070   Code   RO         7230    i.I2C_WaitOnRXNEFlagUntilTimeout  stm32f4xx_hal_i2c.o
    0x08003700   0x08003700   0x00000056   Code   RO         7231    i.I2C_WaitOnTXEFlagUntilTimeout  stm32f4xx_hal_i2c.o
    0x08003756   0x08003756   0x00000002   PAD
    0x08003758   0x08003758   0x0000002c   Code   RO          948    i.IST8310_ReadReg   drv_ist8310.o
    0x08003784   0x08003784   0x0000001c   Code   RO          949    i.IST8310_ReadRegs  drv_ist8310.o
    0x080037a0   0x080037a0   0x00000024   Code   RO          950    i.IST8310_WriteReg  drv_ist8310.o
    0x080037c4   0x080037c4   0x00000064   Code   RO          287    i.MX_ADC1_Init      adc.o
    0x08003828   0x08003828   0x00000064   Code   RO          288    i.MX_ADC3_Init      adc.o
    0x0800388c   0x0800388c   0x00000044   Code   RO          335    i.MX_CAN1_Init      can.o
    0x080038d0   0x080038d0   0x0000002c   Code   RO          375    i.MX_DMA_Init       dma.o
    0x080038fc   0x080038fc   0x00000184   Code   RO          261    i.MX_GPIO_Init      gpio.o
    0x08003a80   0x08003a80   0x00000040   Code   RO          401    i.MX_I2C3_Init      i2c.o
    0x08003ac0   0x08003ac0   0x00000048   Code   RO          443    i.MX_SPI1_Init      spi.o
    0x08003b08   0x08003b08   0x00000064   Code   RO          486    i.MX_TIM10_Init     tim.o
    0x08003b6c   0x08003b6c   0x000000f8   Code   RO          487    i.MX_TIM1_Init      tim.o
    0x08003c64   0x08003c64   0x00000098   Code   RO          488    i.MX_TIM4_Init      tim.o
    0x08003cfc   0x08003cfc   0x00000038   Code   RO          545    i.MX_USART1_UART_Init  usart.o
    0x08003d34   0x08003d34   0x00000044   Code   RO          546    i.MX_USART3_UART_Init  usart.o
    0x08003d78   0x08003d78   0x00000038   Code   RO          547    i.MX_USART6_UART_Init  usart.o
    0x08003db0   0x08003db0   0x00000390   Code   RO         1178    i.MahonyAHRSupdate  algo_mahony_ahrs.o
    0x08004140   0x08004140   0x00000002   Code   RO          603    i.MemManage_Handler  stm32f4xx_it.o
    0x08004142   0x08004142   0x00000002   Code   RO          604    i.NMI_Handler       stm32f4xx_it.o
    0x08004144   0x08004144   0x00000068   Code   RO         3690    i.SEGGER_RTT_AllocUpBuffer  segger_rtt.o
    0x080041ac   0x080041ac   0x0000005c   Code   RO         3691    i.SEGGER_RTT_ConfigDownBuffer  segger_rtt.o
    0x08004208   0x08004208   0x0000007c   Code   RO         3704    i.SEGGER_RTT_ReadNoLock  segger_rtt.o
    0x08004284   0x08004284   0x00000070   Code   RO         3718    i.SEGGER_RTT_WriteSkipNoLock  segger_rtt.o
    0x080042f4   0x080042f4   0x00000028   Code   RO         4502    i.SEGGER_SYSVIEW_Conf  segger_sysview_config_artos.o
    0x0800431c   0x0800431c   0x00000080   Code   RO         3929    i.SEGGER_SYSVIEW_GetSysDesc  segger_sysview.o
    0x0800439c   0x0800439c   0x00000060   Code   RO         3934    i.SEGGER_SYSVIEW_Init  segger_sysview.o
    0x080043fc   0x080043fc   0x00000024   Code   RO         3941    i.SEGGER_SYSVIEW_OnIdle  segger_sysview.o
    0x08004420   0x08004420   0x00000040   Code   RO         3942    i.SEGGER_SYSVIEW_OnTaskCreate  segger_sysview.o
    0x08004460   0x08004460   0x00000040   Code   RO         3943    i.SEGGER_SYSVIEW_OnTaskStartExec  segger_sysview.o
    0x080044a0   0x080044a0   0x00000040   Code   RO         3944    i.SEGGER_SYSVIEW_OnTaskStartReady  segger_sysview.o
    0x080044e0   0x080044e0   0x00000034   Code   RO         3962    i.SEGGER_SYSVIEW_RecordSystime  segger_sysview.o
    0x08004514   0x08004514   0x0000003c   Code   RO         3963    i.SEGGER_SYSVIEW_RecordU32  segger_sysview.o
    0x08004550   0x08004550   0x00000050   Code   RO         3965    i.SEGGER_SYSVIEW_RecordU32x2  segger_sysview.o
    0x080045a0   0x080045a0   0x0000006c   Code   RO         3966    i.SEGGER_SYSVIEW_RecordU32x3  segger_sysview.o
    0x0800460c   0x0800460c   0x00000080   Code   RO         3967    i.SEGGER_SYSVIEW_RecordU32x4  segger_sysview.o
    0x0800468c   0x0800468c   0x00000024   Code   RO         3973    i.SEGGER_SYSVIEW_RecordVoid  segger_sysview.o
    0x080046b0   0x080046b0   0x00000088   Code   RO         3975    i.SEGGER_SYSVIEW_SendModule  segger_sysview.o
    0x08004738   0x08004738   0x0000001c   Code   RO         3976    i.SEGGER_SYSVIEW_SendModuleDescription  segger_sysview.o
    0x08004754   0x08004754   0x00000040   Code   RO         3977    i.SEGGER_SYSVIEW_SendNumModules  segger_sysview.o
    0x08004794   0x08004794   0x00000030   Code   RO         3979    i.SEGGER_SYSVIEW_SendSysDesc  segger_sysview.o
    0x080047c4   0x080047c4   0x000000c8   Code   RO         3980    i.SEGGER_SYSVIEW_SendTaskInfo  segger_sysview.o
    0x0800488c   0x0800488c   0x00000018   Code   RO         3981    i.SEGGER_SYSVIEW_SendTaskList  segger_sysview.o
    0x080048a4   0x080048a4   0x0000000c   Code   RO         3982    i.SEGGER_SYSVIEW_SetRAMBase  segger_sysview.o
    0x080048b0   0x080048b0   0x0000000c   Code   RO         3983    i.SEGGER_SYSVIEW_ShrinkId  segger_sysview.o
    0x080048bc   0x080048bc   0x000000b0   Code   RO         3984    i.SEGGER_SYSVIEW_Start  segger_sysview.o
    0x0800496c   0x0800496c   0x00000030   Code   RO         3985    i.SEGGER_SYSVIEW_Stop  segger_sysview.o
    0x0800499c   0x0800499c   0x0000003c   Code   RO         3994    i.SEGGER_SYSVIEW_Warn  segger_sysview.o
    0x080049d8   0x080049d8   0x0000006c   Code   RO         7662    i.SPI_EndRxTxTransaction  stm32f4xx_hal_spi.o
    0x08004a44   0x08004a44   0x00000020   Code   RO          862    i.SPI_WR_Byte       drv_bmi088.o
    0x08004a64   0x08004a64   0x000000bc   Code   RO         7667    i.SPI_WaitFlagStateUntilTimeout  stm32f4xx_hal_spi.o
    0x08004b20   0x08004b20   0x00000070   Code   RO         4456    i.SYSVIEW_AddTask   segger_sysview_artos.o
    0x08004b90   0x08004b90   0x0000002a   Code   RO         4458    i.SYSVIEW_SendTaskInfo  segger_sysview_artos.o
    0x08004bba   0x08004bba   0x0000001a   Code   RO         1470    i.SysTick_Handler   cmsis_os2.o
    0x08004bd4   0x08004bd4   0x00000094   Code   RO           15    i.SystemClock_Config  main.o
    0x08004c68   0x08004c68   0x00000010   Code   RO         8299    i.SystemInit        system_stm32f4xx.o
    0x08004c78   0x08004c78   0x0000000c   Code   RO          605    i.TIM6_DAC_IRQHandler  stm32f4xx_it.o
    0x08004c84   0x08004c84   0x000000d0   Code   RO         4618    i.TIM_Base_SetConfig  stm32f4xx_hal_tim.o
    0x08004d54   0x08004d54   0x0000001a   Code   RO         4619    i.TIM_CCxChannelCmd  stm32f4xx_hal_tim.o
    0x08004d6e   0x08004d6e   0x00000014   Code   RO         4629    i.TIM_ETR_SetConfig  stm32f4xx_hal_tim.o
    0x08004d82   0x08004d82   0x00000010   Code   RO         4630    i.TIM_ITRx_SetConfig  stm32f4xx_hal_tim.o
    0x08004d92   0x08004d92   0x00000002   PAD
    0x08004d94   0x08004d94   0x00000060   Code   RO         4631    i.TIM_OC1_SetConfig  stm32f4xx_hal_tim.o
    0x08004df4   0x08004df4   0x0000006c   Code   RO         4632    i.TIM_OC2_SetConfig  stm32f4xx_hal_tim.o
    0x08004e60   0x08004e60   0x00000068   Code   RO         4633    i.TIM_OC3_SetConfig  stm32f4xx_hal_tim.o
    0x08004ec8   0x08004ec8   0x00000050   Code   RO         4634    i.TIM_OC4_SetConfig  stm32f4xx_hal_tim.o
    0x08004f18   0x08004f18   0x00000022   Code   RO         4636    i.TIM_TI1_ConfigInputStage  stm32f4xx_hal_tim.o
    0x08004f3a   0x08004f3a   0x00000024   Code   RO         4638    i.TIM_TI2_ConfigInputStage  stm32f4xx_hal_tim.o
    0x08004f5e   0x08004f5e   0x0000000e   Code   RO         7978    i.UART_DMAAbortOnError  stm32f4xx_hal_uart.o
    0x08004f6c   0x08004f6c   0x0000004a   Code   RO         7979    i.UART_DMAError     stm32f4xx_hal_uart.o
    0x08004fb6   0x08004fb6   0x00000086   Code   RO         7980    i.UART_DMAReceiveCplt  stm32f4xx_hal_uart.o
    0x0800503c   0x0800503c   0x0000001e   Code   RO         7982    i.UART_DMARxHalfCplt  stm32f4xx_hal_uart.o
    0x0800505a   0x0800505a   0x0000004e   Code   RO         7988    i.UART_EndRxTransfer  stm32f4xx_hal_uart.o
    0x080050a8   0x080050a8   0x0000001c   Code   RO         7989    i.UART_EndTxTransfer  stm32f4xx_hal_uart.o
    0x080050c4   0x080050c4   0x000000c2   Code   RO         7990    i.UART_Receive_IT   stm32f4xx_hal_uart.o
    0x08005186   0x08005186   0x00000002   PAD
    0x08005188   0x08005188   0x0000010c   Code   RO         7991    i.UART_SetConfig    stm32f4xx_hal_uart.o
    0x08005294   0x08005294   0x000000a0   Code   RO         7992    i.UART_Start_Receive_DMA  stm32f4xx_hal_uart.o
    0x08005334   0x08005334   0x00000072   Code   RO         7994    i.UART_WaitOnFlagUntilTimeout  stm32f4xx_hal_uart.o
    0x080053a6   0x080053a6   0x00000002   PAD
    0x080053a8   0x080053a8   0x0000000c   Code   RO          606    i.USART1_IRQHandler  stm32f4xx_it.o
    0x080053b4   0x080053b4   0x0000000c   Code   RO          607    i.USART3_IRQHandler  stm32f4xx_it.o
    0x080053c0   0x080053c0   0x00000002   Code   RO          608    i.UsageFault_Handler  stm32f4xx_it.o
    0x080053c2   0x080053c2   0x00000002   PAD
    0x080053c4   0x080053c4   0x00000064   Code   RO         3721    i._DoInit           segger_rtt.o
    0x08005428   0x08005428   0x00000026   Code   RO         3997    i._EncodeStr        segger_sysview.o
    0x0800544e   0x0800544e   0x00000002   PAD
    0x08005450   0x08005450   0x00000094   Code   RO         3998    i._HandleIncomingPacket  segger_sysview.o
    0x080054e4   0x080054e4   0x0000013c   Code   RO         4001    i._SendPacket       segger_sysview.o
    0x08005620   0x08005620   0x00000068   Code   RO         4003    i._TrySendOverflowPacket  segger_sysview.o
    0x08005688   0x08005688   0x00000020   Code   RO         8623    i.__0printf         mc_w.l(printfa.o)
    0x080056a8   0x080056a8   0x00000026   Code   RO         8663    i.__ARM_fpclassifyf  m_wm.l(fpclassifyf.o)
    0x080056ce   0x080056ce   0x00000020   Code   RO         6534    i.__NVIC_SetPriority  stm32f4xx_hal_cortex.o
    0x080056ee   0x080056ee   0x00000002   PAD
    0x080056f0   0x080056f0   0x0000012c   Code   RO         8333    i.__hardfp_asinf    m_wm.l(asinf.o)
    0x0800581c   0x0800581c   0x000002ac   Code   RO         8345    i.__hardfp_atan2f   m_wm.l(atan2f.o)
    0x08005ac8   0x08005ac8   0x0000007a   Code   RO         8357    i.__hardfp_sqrt     m_wm.l(sqrt.o)
    0x08005b42   0x08005b42   0x00000006   Code   RO         8666    i.__mathlib_flt_infnan  m_wm.l(funder.o)
    0x08005b48   0x08005b48   0x00000006   Code   RO         8667    i.__mathlib_flt_infnan2  m_wm.l(funder.o)
    0x08005b4e   0x08005b4e   0x00000002   PAD
    0x08005b50   0x08005b50   0x00000010   Code   RO         8668    i.__mathlib_flt_invalid  m_wm.l(funder.o)
    0x08005b60   0x08005b60   0x00000010   Code   RO         8671    i.__mathlib_flt_underflow  m_wm.l(funder.o)
    0x08005b70   0x08005b70   0x0000000e   Code   RO         8767    i.__scatterload_copy  mc_w.l(handlers.o)
    0x08005b7e   0x08005b7e   0x00000002   Code   RO         8768    i.__scatterload_null  mc_w.l(handlers.o)
    0x08005b80   0x08005b80   0x0000000e   Code   RO         8769    i.__scatterload_zeroinit  mc_w.l(handlers.o)
    0x08005b8e   0x08005b8e   0x00000002   PAD
    0x08005b90   0x08005b90   0x0000000c   Code   RO         8718    i.__set_errno       mc_w.l(errno.o)
    0x08005b9c   0x08005b9c   0x0000001e   Code   RO         4460    i._cbGetTime        segger_sysview_artos.o
    0x08005bba   0x08005bba   0x00000002   PAD
    0x08005bbc   0x08005bbc   0x00000058   Code   RO         4503    i._cbSendSystemDesc  segger_sysview_config_artos.o
    0x08005c14   0x08005c14   0x0000003c   Code   RO         4461    i._cbSendTaskList   segger_sysview_artos.o
    0x08005c50   0x08005c50   0x00000184   Code   RO         8630    i._fp_digits        mc_w.l(printfa.o)
    0x08005dd4   0x08005dd4   0x000006b4   Code   RO         8631    i._printf_core      mc_w.l(printfa.o)
    0x08006488   0x08006488   0x00000024   Code   RO         8632    i._printf_post_padding  mc_w.l(printfa.o)
    0x080064ac   0x080064ac   0x0000002e   Code   RO         8633    i._printf_pre_padding  mc_w.l(printfa.o)
    0x080064da   0x080064da   0x00000002   PAD
    0x080064dc   0x080064dc   0x000000b8   Code   RO         1138    i.acAttitudeCtrl    algo_attitude_ctrl.o
    0x08006594   0x08006594   0x00000110   Code   RO         1139    i.acMixerCtrl       algo_attitude_ctrl.o
    0x080066a4   0x080066a4   0x00000054   Code   RO         1140    i.acPpidInit        algo_attitude_ctrl.o
    0x080066f8   0x080066f8   0x0000000c   Code   RO         1007    i.beepSet           drv_tim.o
    0x08006704   0x08006704   0x000001d8   Code   RO          863    i.bmi088AccelInit   drv_bmi088.o
    0x080068dc   0x080068dc   0x00000104   Code   RO          864    i.bmi088GyroInit    drv_bmi088.o
    0x080069e0   0x080069e0   0x0000000e   Code   RO          865    i.bmi088Init        drv_bmi088.o
    0x080069ee   0x080069ee   0x00000002   PAD
    0x080069f0   0x080069f0   0x0000012c   Code   RO          866    i.bmi088Read        drv_bmi088.o
    0x08006b1c   0x08006b1c   0x00000018   Code   RO          826    i.fputc             drv_uart.o
    0x08006b34   0x08006b34   0x00000114   Code   RO         1282    i.imuAttitudeGet    task_imu.o
    0x08006c48   0x08006c48   0x00000010   Code   RO         1283    i.imuQuaternionUpdate  task_imu.o
    0x08006c58   0x08006c58   0x00000054   Code   RO         1284    i.imuTempCtrl       task_imu.o
    0x08006cac   0x08006cac   0x0000002c   Code   RO         1180    i.invSqrt           algo_mahony_ahrs.o
    0x08006cd8   0x08006cd8   0x00000054   Code   RO          952    i.ist8310Init       drv_ist8310.o
    0x08006d2c   0x08006d2c   0x00000054   Code   RO          953    i.ist8310Read       drv_ist8310.o
    0x08006d80   0x08006d80   0x0000004a   Code   RO           16    i.main              main.o
    0x08006dca   0x08006dca   0x0000001a   Code   RO         1472    i.osDelay           cmsis_os2.o
    0x08006de4   0x08006de4   0x0000002c   Code   RO         1477    i.osEventFlagsNew   cmsis_os2.o
    0x08006e10   0x08006e10   0x00000054   Code   RO         1478    i.osEventFlagsSet   cmsis_os2.o
    0x08006e64   0x08006e64   0x00000062   Code   RO         1479    i.osEventFlagsWait  cmsis_os2.o
    0x08006ec6   0x08006ec6   0x00000002   PAD
    0x08006ec8   0x08006ec8   0x00000024   Code   RO         1486    i.osKernelInitialize  cmsis_os2.o
    0x08006eec   0x08006eec   0x00000038   Code   RO         1489    i.osKernelStart     cmsis_os2.o
    0x08006f24   0x08006f24   0x00000068   Code   RO         1512    i.osMutexNew        cmsis_os2.o
    0x08006f8c   0x08006f8c   0x00000048   Code   RO         1435    i.osThreadInitialize  artos.o
    0x08006fd4   0x08006fd4   0x0000008a   Code   RO         1531    i.osThreadNew       cmsis_os2.o
    0x0800705e   0x0800705e   0x000000a6   Code   RO         1215    i.pidCalculate      algo_pid.o
    0x08007104   0x08007104   0x00000054   Code   RO         1216    i.pidInit           algo_pid.o
    0x08007158   0x08007158   0x0000005c   Code   RO         2706    i.prvAddCurrentTaskToDelayedList  task.o
    0x080071b4   0x080071b4   0x000000f0   Code   RO         2707    i.prvAddNewTaskToReadyList  task.o
    0x080072a4   0x080072a4   0x00000058   Code   RO         3071    i.prvCheckForValidListAndQueue  timer.o
    0x080072fc   0x080072fc   0x00000026   Code   RO         2312    i.prvCopyDataFromQueue  queue.o
    0x08007322   0x08007322   0x0000006c   Code   RO         2313    i.prvCopyDataToQueue  queue.o
    0x0800738e   0x0800738e   0x00000034   Code   RO         2708    i.prvDeleteTCB      task.o
    0x080073c2   0x080073c2   0x00000002   PAD
    0x080073c4   0x080073c4   0x0000004c   Code   RO         2128    i.prvHeapInit       heap_4.o
    0x08007410   0x08007410   0x00000060   Code   RO         2709    i.prvIdleTask       task.o
    0x08007470   0x08007470   0x00000016   Code   RO         2314    i.prvInitialiseMutex  queue.o
    0x08007486   0x08007486   0x00000034   Code   RO         2315    i.prvInitialiseNewQueue  queue.o
    0x080074ba   0x080074ba   0x00000002   PAD
    0x080074bc   0x080074bc   0x000000b0   Code   RO         2710    i.prvInitialiseNewTask  task.o
    0x0800756c   0x0800756c   0x0000004c   Code   RO         2129    i.prvInsertBlockIntoFreeList  heap_4.o
    0x080075b8   0x080075b8   0x00000038   Code   RO         3073    i.prvInsertTimerInActiveList  timer.o
    0x080075f0   0x080075f0   0x0000001c   Code   RO         2316    i.prvIsQueueEmpty   queue.o
    0x0800760c   0x0800760c   0x000000fc   Code   RO         3074    i.prvProcessReceivedCommands  timer.o
    0x08007708   0x08007708   0x000000c0   Code   RO         3075    i.prvProcessTimerOrBlockTask  timer.o
    0x080077c8   0x080077c8   0x00000020   Code   RO         2712    i.prvResetNextTaskUnblockTime  task.o
    0x080077e8   0x080077e8   0x00000028   Code   RO         3076    i.prvSampleTimeNow  timer.o
    0x08007810   0x08007810   0x0000006c   Code   RO         3077    i.prvSwitchTimerLists  timer.o
    0x0800787c   0x0800787c   0x00000014   Code   RO         2713    i.prvTaskCheckFreeStackSpace  task.o
    0x08007890   0x08007890   0x00000028   Code   RO         2235    i.prvTaskExitError  port.o
    0x080078b8   0x080078b8   0x00000014   Code   RO         2009    i.prvTestWaitCondition  event.o
    0x080078cc   0x080078cc   0x00000024   Code   RO         3078    i.prvTimerTask      timer.o
    0x080078f0   0x080078f0   0x0000006a   Code   RO         2317    i.prvUnlockQueue    queue.o
    0x0800795a   0x0800795a   0x00000002   PAD
    0x0800795c   0x0800795c   0x000000dc   Code   RO         2130    i.pvPortMalloc      heap_4.o
    0x08007a38   0x08007a38   0x00000024   Code   RO         1008    i.pwmSet            drv_tim.o
    0x08007a5c   0x08007a5c   0x0000002c   Code   RO         2236    i.pxPortInitialiseStack  port.o
    0x08007a88   0x08007a88   0x000001fc   Code   RO         1251    i.rcRemoteCtrl      algo_remote_ctrl.o
    0x08007c84   0x08007c84   0x00000128   Code   RO         1056    i.sbusProcess       prot_sbus.o
    0x08007dac   0x08007dac   0x00000028   Code   RO         1057    i.sbusStart         prot_sbus.o
    0x08007dd4   0x08007dd4   0x00000006   Code   RO         3227    i.shellBackspace    shell.o
    0x08007dda   0x08007dda   0x0000002e   Code   RO         3228    i.shellCheckPermission  shell.o
    0x08007e08   0x08007e08   0x0000001c   Code   RO         3229    i.shellClear        shell.o
    0x08007e24   0x08007e24   0x00000030   Code   RO         3230    i.shellClearCommandLine  shell.o
    0x08007e54   0x08007e54   0x00000014   Code   RO         3231    i.shellCmds         shell.o
    0x08007e68   0x08007e68   0x00000008   Code   RO         3232    i.shellDelete       shell.o
    0x08007e70   0x08007e70   0x000000d6   Code   RO         3233    i.shellDeleteByte   shell.o
    0x08007f46   0x08007f46   0x00000002   PAD
    0x08007f48   0x08007f48   0x0000001c   Code   RO         3234    i.shellDeleteCommandLine  shell.o
    0x08007f64   0x08007f64   0x00000008   Code   RO         3235    i.shellDown         shell.o
    0x08007f6c   0x08007f6c   0x00000014   Code   RO         3236    i.shellEnter        shell.o
    0x08007f80   0x08007f80   0x00000090   Code   RO         3237    i.shellExec         shell.o
    0x08008010   0x08008010   0x0000003c   Code   RO         3652    i.shellExtParseChar  shell_ext.o
    0x0800804c   0x0800804c   0x0000010a   Code   RO         3653    i.shellExtParseNumber  shell_ext.o
    0x08008156   0x08008156   0x000000a0   Code   RO         3654    i.shellExtParsePara  shell_ext.o
    0x080081f6   0x080081f6   0x000000c6   Code   RO         3655    i.shellExtRun       shell_ext.o
    0x080082bc   0x080082bc   0x00000004   Code   RO         3238    i.shellGetCommandDesc  shell.o
    0x080082c0   0x080082c0   0x00000038   Code   RO         3239    i.shellGetCommandName  shell.o
    0x080082f8   0x080082f8   0x00000028   Code   RO         3240    i.shellGetCurrent   shell.o
    0x08008320   0x08008320   0x0000003e   Code   RO         3241    i.shellGetVarValue  shell.o
    0x0800835e   0x0800835e   0x00000028   Code   RO         3243    i.shellHelp         shell.o
    0x08008386   0x08008386   0x00000098   Code   RO         3244    i.shellHistory      shell.o
    0x0800841e   0x0800841e   0x00000068   Code   RO         3245    i.shellHistoryAdd   shell.o
    0x08008486   0x08008486   0x00000014   Code   RO         3248    i.shellKeys         shell.o
    0x0800849a   0x0800849a   0x00000020   Code   RO         3249    i.shellLeft         shell.o
    0x080084ba   0x080084ba   0x00000002   PAD
    0x080084bc   0x080084bc   0x0000004c   Code   RO         3251    i.shellListCommand  shell.o
    0x08008508   0x08008508   0x000000f4   Code   RO         3252    i.shellListItem     shell.o
    0x080085fc   0x080085fc   0x00000050   Code   RO         3253    i.shellListKey      shell.o
    0x0800864c   0x0800864c   0x00000050   Code   RO         3254    i.shellListUser     shell.o
    0x0800869c   0x0800869c   0x00000050   Code   RO         3255    i.shellListVar      shell.o
    0x080086ec   0x080086ec   0x00000078   Code   RO         3257    i.shellParserParam  shell.o
    0x08008764   0x08008764   0x00000020   Code   RO         3260    i.shellRight        shell.o
    0x08008784   0x08008784   0x000000b8   Code   RO         3262    i.shellRunCommand   shell.o
    0x0800883c   0x0800883c   0x0000006e   Code   RO         3264    i.shellSeekCommand  shell.o
    0x080088aa   0x080088aa   0x00000002   PAD
    0x080088ac   0x080088ac   0x00000060   Code   RO         3265    i.shellSetUser      shell.o
    0x0800890c   0x0800890c   0x00000058   Code   RO         3266    i.shellSetVar       shell.o
    0x08008964   0x08008964   0x00000070   Code   RO         3267    i.shellSetVarValue  shell.o
    0x080089d4   0x080089d4   0x000000b0   Code   RO         3268    i.shellShowVar      shell.o
    0x08008a84   0x08008a84   0x00000024   Code   RO         3269    i.shellStringCompare  shell.o
    0x08008aa8   0x08008aa8   0x00000018   Code   RO         3270    i.shellStringCopy   shell.o
    0x08008ac0   0x08008ac0   0x00000174   Code   RO         3271    i.shellTab          shell.o
    0x08008c34   0x08008c34   0x0000004c   Code   RO         3272    i.shellToDec        shell.o
    0x08008c80   0x08008c80   0x0000002a   Code   RO         3273    i.shellToHex        shell.o
    0x08008caa   0x08008caa   0x00000006   Code   RO         3274    i.shellUp           shell.o
    0x08008cb0   0x08008cb0   0x00000014   Code   RO         3275    i.shellUsers        shell.o
    0x08008cc4   0x08008cc4   0x00000014   Code   RO         3276    i.shellVars         shell.o
    0x08008cd8   0x08008cd8   0x00000058   Code   RO         3277    i.shellWriteCommandHelp  shell.o
    0x08008d30   0x08008d30   0x0000005c   Code   RO         3279    i.shellWritePrompt  shell.o
    0x08008d8c   0x08008d8c   0x00000080   Code   RO         3280    i.shellWriteReturnValue  shell.o
    0x08008e0c   0x08008e0c   0x00000024   Code   RO         3281    i.shellWriteString  shell.o
    0x08008e30   0x08008e30   0x0000003e   Code   RO         8681    i.sqrtf             m_wm.l(sqrtf.o)
    0x08008e6e   0x08008e6e   0x00000002   PAD
    0x08008e70   0x08008e70   0x00000094   Code   RO         1285    i.taskIMU           task_imu.o
    0x08008f04   0x08008f04   0x00000018   Code   RO         1338    i.taskRC            task_rc.o
    0x08008f1c   0x08008f1c   0x0000003c   Code   RO         1363    i.test              task_shell.o
    0x08008f58   0x08008f58   0x00000038   Code   RO         1009    i.timStart          drv_tim.o
    0x08008f90   0x08008f90   0x0000000c   Code   RO         1010    i.timTempStart      drv_tim.o
    0x08008f9c   0x08008f9c   0x00000026   Code   RO         2195    i.uxListRemove      list.o
    0x08008fc2   0x08008fc2   0x00000002   PAD
    0x08008fc4   0x08008fc4   0x00000010   Code   RO         2719    i.uxTaskGetStackHighWaterMark  task.o
    0x08008fd4   0x08008fd4   0x00000018   Code   RO         2724    i.uxTaskResetEventItemValue  task.o
    0x08008fec   0x08008fec   0x00000014   Code   RO         1543    i.vApplicationGetIdleTaskMemory  cmsis_os2.o
    0x08009000   0x08009000   0x00000018   Code   RO         1544    i.vApplicationGetTimerTaskMemory  cmsis_os2.o
    0x08009018   0x08009018   0x00000004   Code   RO         2013    i.vEventGroupSetBitsCallback  event.o
    0x0800901c   0x0800901c   0x00000016   Code   RO         2196    i.vListInitialise   list.o
    0x08009032   0x08009032   0x00000006   Code   RO         2197    i.vListInitialiseItem  list.o
    0x08009038   0x08009038   0x00000030   Code   RO         2198    i.vListInsert       list.o
    0x08009068   0x08009068   0x00000018   Code   RO         2199    i.vListInsertEnd    list.o
    0x08009080   0x08009080   0x00000040   Code   RO         2238    i.vPortEnterCritical  port.o
    0x080090c0   0x080090c0   0x00000028   Code   RO         2239    i.vPortExitCritical  port.o
    0x080090e8   0x080090e8   0x00000064   Code   RO         2131    i.vPortFree         heap_4.o
    0x0800914c   0x0800914c   0x00000024   Code   RO         2240    i.vPortSetupTimerInterrupt  port.o
    0x08009170   0x08009170   0x00000054   Code   RO         2241    i.vPortValidateInterruptPriority  port.o
    0x080091c4   0x080091c4   0x00000038   Code   RO         2323    i.vQueueAddToRegistry  queue.o
    0x080091fc   0x080091fc   0x00000044   Code   RO         2327    i.vQueueWaitForMessageRestricted  queue.o
    0x08009240   0x08009240   0x00000054   Code   RO         2725    i.vTaskDelay        task.o
    0x08009294   0x08009294   0x00000010   Code   RO         2730    i.vTaskInternalSetTimeOutState  task.o
    0x080092a4   0x080092a4   0x0000000c   Code   RO         2731    i.vTaskMissedYield  task.o
    0x080092b0   0x080092b0   0x00000030   Code   RO         2733    i.vTaskPlaceOnEventList  task.o
    0x080092e0   0x080092e0   0x00000040   Code   RO         2734    i.vTaskPlaceOnEventListRestricted  task.o
    0x08009320   0x08009320   0x00000050   Code   RO         2735    i.vTaskPlaceOnUnorderedEventList  task.o
    0x08009370   0x08009370   0x00000074   Code   RO         2738    i.vTaskRemoveFromUnorderedEventList  task.o
    0x080093e4   0x080093e4   0x000000a8   Code   RO         2742    i.vTaskStartScheduler  task.o
    0x0800948c   0x0800948c   0x00000010   Code   RO         2744    i.vTaskSuspendAll   task.o
    0x0800949c   0x0800949c   0x00000088   Code   RO         2745    i.vTaskSwitchContext  task.o
    0x08009524   0x08009524   0x0000001c   Code   RO         2017    i.xEventGroupCreate  event.o
    0x08009540   0x08009540   0x0000002c   Code   RO         2018    i.xEventGroupCreateStatic  event.o
    0x0800956c   0x0800956c   0x0000008c   Code   RO         2020    i.xEventGroupSetBits  event.o
    0x080095f8   0x080095f8   0x00000010   Code   RO         2021    i.xEventGroupSetBitsFromISR  event.o
    0x08009608   0x08009608   0x00000108   Code   RO         2023    i.xEventGroupWaitBits  event.o
    0x08009710   0x08009710   0x000000f4   Code   RO         2242    i.xPortStartScheduler  port.o
    0x08009804   0x08009804   0x0000002c   Code   RO         2243    i.xPortSysTickHandler  port.o
    0x08009830   0x08009830   0x00000016   Code   RO         2330    i.xQueueCreateMutex  queue.o
    0x08009846   0x08009846   0x0000001a   Code   RO         2331    i.xQueueCreateMutexStatic  queue.o
    0x08009860   0x08009860   0x00000042   Code   RO         2332    i.xQueueGenericCreate  queue.o
    0x080098a2   0x080098a2   0x00000066   Code   RO         2333    i.xQueueGenericCreateStatic  queue.o
    0x08009908   0x08009908   0x00000088   Code   RO         2334    i.xQueueGenericReset  queue.o
    0x08009990   0x08009990   0x00000188   Code   RO         2335    i.xQueueGenericSend  queue.o
    0x08009b18   0x08009b18   0x000000de   Code   RO         2336    i.xQueueGenericSendFromISR  queue.o
    0x08009bf6   0x08009bf6   0x00000002   PAD
    0x08009bf8   0x08009bf8   0x00000174   Code   RO         2345    i.xQueueReceive     queue.o
    0x08009d6c   0x08009d6c   0x00000074   Code   RO         2747    i.xTaskCheckForTimeOut  task.o
    0x08009de0   0x08009de0   0x0000005a   Code   RO         2748    i.xTaskCreate       task.o
    0x08009e3a   0x08009e3a   0x00000056   Code   RO         2749    i.xTaskCreateStatic  task.o
    0x08009e90   0x08009e90   0x0000001c   Code   RO         2753    i.xTaskGetSchedulerState  task.o
    0x08009eac   0x08009eac   0x0000000c   Code   RO         2754    i.xTaskGetTickCount  task.o
    0x08009eb8   0x08009eb8   0x00000010   Code   RO         2755    i.xTaskGetTickCountFromISR  task.o
    0x08009ec8   0x08009ec8   0x000000d0   Code   RO         2756    i.xTaskIncrementTick  task.o
    0x08009f98   0x08009f98   0x0000008c   Code   RO         2759    i.xTaskPriorityDisinherit  task.o
    0x0800a024   0x0800a024   0x00000074   Code   RO         2761    i.xTaskRemoveFromEventList  task.o
    0x0800a098   0x0800a098   0x000000c8   Code   RO         2762    i.xTaskResumeAll    task.o
    0x0800a160   0x0800a160   0x00000060   Code   RO         3087    i.xTimerCreateTimerTask  timer.o
    0x0800a1c0   0x0800a1c0   0x00000068   Code   RO         3088    i.xTimerGenericCommand  timer.o
    0x0800a228   0x0800a228   0x00000028   Code   RO         3094    i.xTimerPendFunctionCallFromISR  timer.o
    0x0800a250   0x0800a250   0x00000005   Data   RO         1369    .constdata          task_shell.o
    0x0800a255   0x0800a255   0x00000005   Data   RO         1370    .constdata          task_shell.o
    0x0800a25a   0x0800a25a   0x00000002   PAD
    0x0800a25c   0x0800a25c   0x00000068   Data   RO         1437    .constdata          artos.o
    0x0800a2c4   0x0800a2c4   0x00000007   Data   RO         3283    .constdata          shell.o
    0x0800a2cb   0x0800a2cb   0x00000001   Data   RO         3284    .constdata          shell.o
    0x0800a2cc   0x0800a2cc   0x0000000d   Data   RO         3285    .constdata          shell.o
    0x0800a2d9   0x0800a2d9   0x00000007   Data   RO         3286    .constdata          shell.o
    0x0800a2e0   0x0800a2e0   0x00000008   Data   RO         3287    .constdata          shell.o
    0x0800a2e8   0x0800a2e8   0x00000003   Data   RO         3288    .constdata          shell.o
    0x0800a2eb   0x0800a2eb   0x00000005   Data   RO         3289    .constdata          shell.o
    0x0800a2f0   0x0800a2f0   0x00000006   Data   RO         3290    .constdata          shell.o
    0x0800a2f6   0x0800a2f6   0x00000005   Data   RO         3291    .constdata          shell.o
    0x0800a2fb   0x0800a2fb   0x00000004   Data   RO         3292    .constdata          shell.o
    0x0800a2ff   0x0800a2ff   0x0000000a   Data   RO         3293    .constdata          shell.o
    0x0800a309   0x0800a309   0x0000000a   Data   RO         3294    .constdata          shell.o
    0x0800a313   0x0800a313   0x00000007   Data   RO         3295    .constdata          shell.o
    0x0800a31a   0x0800a31a   0x00000006   Data   RO         3296    .constdata          shell.o
    0x0800a320   0x0800a320   0x00000006   Data   RO         3297    .constdata          shell.o
    0x0800a326   0x0800a326   0x00000005   Data   RO         3298    .constdata          shell.o
    0x0800a32b   0x0800a32b   0x0000001e   Data   RO         3299    .constdata          shell.o
    0x0800a349   0x0800a349   0x00000006   Data   RO         3300    .constdata          shell.o
    0x0800a34f   0x0800a34f   0x0000000e   Data   RO         3301    .constdata          shell.o
    0x0800a35d   0x0800a35d   0x00000005   Data   RO         3302    .constdata          shell.o
    0x0800a362   0x0800a362   0x0000000d   Data   RO         3303    .constdata          shell.o
    0x0800a36f   0x0800a36f   0x00000005   Data   RO         3304    .constdata          shell.o
    0x0800a374   0x0800a374   0x0000000d   Data   RO         3305    .constdata          shell.o
    0x0800a381   0x0800a381   0x00000005   Data   RO         3306    .constdata          shell.o
    0x0800a386   0x0800a386   0x0000000d   Data   RO         3307    .constdata          shell.o
    0x0800a393   0x0800a393   0x00000006   Data   RO         3308    .constdata          shell.o
    0x0800a399   0x0800a399   0x0000000e   Data   RO         3309    .constdata          shell.o
    0x0800a3a7   0x0800a3a7   0x00000011   Data   RO         3727    .constdata          segger_rtt.o
    0x0800a3b8   0x0800a3b8   0x0000001a   Data   RO         4007    .constdata          segger_sysview.o
    0x0800a3d2   0x0800a3d2   0x00000002   PAD
    0x0800a3d4   0x0800a3d4   0x00000008   Data   RO         4463    .constdata          segger_sysview_artos.o
    0x0800a3dc   0x0800a3dc   0x00000008   Data   RO         6248    .constdata          stm32f4xx_hal_dma.o
    0x0800a3e4   0x0800a3e4   0x00000010   Data   RO         8300    .constdata          system_stm32f4xx.o
    0x0800a3f4   0x0800a3f4   0x00000008   Data   RO         8301    .constdata          system_stm32f4xx.o
    0x0800a3fc   0x0800a3fc   0x00000020   Data   RO         1439    .conststring        artos.o
    0x0800a41c   0x0800a41c   0x000002a5   Data   RO         3310    .conststring        shell.o
    0x0800a6c1   0x0800a6c1   0x00000003   PAD
    0x0800a6c4   0x0800a6c4   0x00000050   Data   RO         4464    .conststring        segger_sysview_artos.o
    0x0800a714   0x0800a714   0x00000020   Data   RO         8765    Region$$Table       anon$$obj.o
    0x0800a734   0x0800a734   0x00000010   Data   RO         1371    shellCommand        task_shell.o
    0x0800a744   0x0800a744   0x00000120   Data   RO         3312    shellCommand        shell.o


    Execution Region RW_IRAM1 (Exec base: 0x20000000, Load base: 0x0800a864, Size: 0x00005f60, Max: 0x0001c000, ABSOLUTE, COMPRESSED[0x00000084])

    Exec Addr    Load Addr    Size         Type   Attr      Idx    E Section Name        Object

    0x20000000   COMPRESSED   0x00000008   Data   RW          868    .data               drv_bmi088.o
    0x20000008   COMPRESSED   0x00000080   Data   RW         1142    .data               algo_attitude_ctrl.o
    0x20000088   COMPRESSED   0x00000024   Data   RW         1181    .data               algo_mahony_ahrs.o
    0x200000ac   COMPRESSED   0x00000001   Data   RW         1252    .data               algo_remote_ctrl.o
    0x200000ad   COMPRESSED   0x00000003   PAD
    0x200000b0   COMPRESSED   0x00000018   Data   RW         1287    .data               task_imu.o
    0x200000c8   COMPRESSED   0x00000010   Data   RW         1441    .data               artos.o
    0x200000d8   COMPRESSED   0x00000004   Data   RW         1546    .data               cmsis_os2.o
    0x200000dc   COMPRESSED   0x00000020   Data   RW         2137    .data               heap_4.o
    0x200000fc   COMPRESSED   0x0000000c   Data   RW         2244    .data               port.o
    0x20000108   COMPRESSED   0x0000003c   Data   RW         2765    .data               task.o
    0x20000144   COMPRESSED   0x00000014   Data   RW         3096    .data               timer.o
    0x20000158   COMPRESSED   0x00000054   Data   RW         3311    .data               shell.o
    0x200001ac   COMPRESSED   0x00000010   Data   RW         4010    .data               segger_sysview.o
    0x200001bc   COMPRESSED   0x00000004   Data   RW         4465    .data               segger_sysview_artos.o
    0x200001c0   COMPRESSED   0x0000000c   Data   RW         6693    .data               stm32f4xx_hal.o
    0x200001cc   COMPRESSED   0x00000004   Data   RW         8302    .data               system_stm32f4xx.o
    0x200001d0   COMPRESSED   0x00000004   Data   RW         8707    .data               mc_w.l(stdout.o)
    0x200001d4   COMPRESSED   0x00000004   Data   RW         8719    .data               mc_w.l(errno.o)
    0x200001d8        -       0x00000090   Zero   RW          289    .bss                adc.o
    0x20000268        -       0x00000028   Zero   RW          336    .bss                can.o
    0x20000290        -       0x00000054   Zero   RW          402    .bss                i2c.o
    0x200002e4        -       0x00000058   Zero   RW          444    .bss                spi.o
    0x2000033c        -       0x000000d8   Zero   RW          489    .bss                tim.o
    0x20000414        -       0x00000138   Zero   RW          548    .bss                usart.o
    0x2000054c        -       0x00000048   Zero   RW          718    .bss                stm32f4xx_hal_timebase_tim.o
    0x20000594        -       0x00000020   Zero   RW          867    .bss                drv_bmi088.o
    0x200005b4        -       0x00000010   Zero   RW          954    .bss                drv_ist8310.o
    0x200005c4        -       0x0000006c   Zero   RW         1058    .bss                prot_sbus.o
    0x20000630        -       0x00000198   Zero   RW         1141    .bss                algo_attitude_ctrl.o
    0x200007c8        -       0x0000003c   Zero   RW         1286    .bss                task_imu.o
    0x20000804        -       0x000006b8   Zero   RW         1545    .bss                cmsis_os2.o
    0x20000ebc        -       0x00003c00   Zero   RW         2136    .bss                heap_4.o
    0x20004abc        -       0x00000040   Zero   RW         2349    .bss                queue.o
    0x20004afc        -       0x000004c4   Zero   RW         2764    .bss                task.o
    0x20004fc0        -       0x00000118   Zero   RW         3095    .bss                timer.o
    0x200050d8        -       0x0000001d   Zero   RW         3282    .bss                shell.o
    0x200050f5   COMPRESSED   0x00000003   PAD
    0x200050f8        -       0x000004b8   Zero   RW         3726    .bss                segger_rtt.o
    0x200055b0        -       0x0000050b   Zero   RW         4006    .bss                segger_sysview.o
    0x20005abb   COMPRESSED   0x00000001   PAD
    0x20005abc        -       0x000000a0   Zero   RW         4462    .bss                segger_sysview_artos.o
    0x20005b5c   COMPRESSED   0x00000004   PAD
    0x20005b60        -       0x00000400   Zero   RW            1    STACK               startup_stm32f407xx.o


    Execution Region RW_IRAM2 (Exec base: 0x2001c000, Load base: 0x0800a8e8, Size: 0x00000000, Max: 0x00004000, ABSOLUTE)

    **** No section assigned to this execution region ****


==============================================================================

Image component sizes


      Code (inc. data)   RO Data    RW Data    ZI Data      Debug   Object Name

       324         40          0          0        144       2306   adc.o
       540         22          0        128        408       3669   algo_attitude_ctrl.o
       956         20          0         36          0       2583   algo_mahony_ahrs.o
       250          6          0          0          0       1565   algo_pid.o
       508         84          0          1          0       1747   algo_remote_ctrl.o
        72         16        136         16          0       1542   artos.o
       172         22          0          0         40       1641   can.o
       656         28          0          4       1720      64039   cmsis_os2.o
        44          4          0          0          0        750   dma.o
      1222         92          0          8         32       7497   drv_bmi088.o
       276         28          0          0         16       4119   drv_ist8310.o
         0          0          0          0          0       2398   drv_key.o
       156         24          0          0          0       2776   drv_tim.o
        24          6          0          0          0        532   drv_uart.o
       516          8          0          0          0      24718   event.o
       388         24          0          0          0       1167   gpio.o
       472         24          0         32      15360      19291   heap_4.o
       200         32          0          0         84       1677   i2c.o
       138          0          0          0          0       3266   list.o
       246         14          0          0          0     748888   main.o
       786         82          0         12          0      10645   port.o
       384         22          0          0        108       3369   prot_sbus.o
      1816         22          0          0         64      19412   queue.o
       532         38         17          0       1208      10268   segger_rtt.o
      2330        180         26         16       1291      31741   segger_sysview.o
       244         30         88          4        160       3961   segger_sysview_artos.o
       128         82          0          0          0       1106   segger_sysview_config_artos.o
      3498        202       1192         84         29      36534   shell.o
       684          8          0          0          0       5222   shell_ext.o
       216         24          0          0         88       1697   spi.o
        36          8        392          0       1024        824   startup_stm32f407xx.o
       116         18          0         12          0       8634   stm32f4xx_hal.o
       712         28          0          0          0       2831   stm32f4xx_hal_adc.o
       282          0          0          0          0       1383   stm32f4xx_hal_can.o
       158         14          0          0          0      32974   stm32f4xx_hal_cortex.o
      1084         16          8          0          0       7238   stm32f4xx_hal_dma.o
       530         52          0          0          0       2771   stm32f4xx_hal_gpio.o
      2294         52          0          0          0      13066   stm32f4xx_hal_i2c.o
        56          4          0          0          0        842   stm32f4xx_hal_msp.o
      1412         86          0          0          0       5833   stm32f4xx_hal_rcc.o
       980         16          0          0          0       4845   stm32f4xx_hal_spi.o
      1974        136          0          0          0      16758   stm32f4xx_hal_tim.o
       232         28          0          0          0       3245   stm32f4xx_hal_tim_ex.o
       152         20          0          0         72       1443   stm32f4xx_hal_timebase_tim.o
      2188         28          0          0          0      15496   stm32f4xx_hal_uart.o
        72         24          0          0          0       5465   stm32f4xx_it.o
        16          4         24          4          0       1091   system_stm32f4xx.o
      2500        204          0         60       1220      29302   task.o
       544         80          0         24         60       3755   task_imu.o
        24          0          0          0          0        509   task_rc.o
        60         42         26          0          0      11311   task_shell.o
       780         74          0          0        216       3976   tim.o
      1012         86          0         20        280      12687   timer.o
       564         70          0          0        312       3207   usart.o

    ----------------------------------------------------------------------
     35618       2274       1948        464      23944    1209612   Object Totals
         0          0         32          0          0          0   (incl. Generated)
        62          0          7          3          8          0   (incl. Padding)

    ----------------------------------------------------------------------

      Code (inc. data)   RO Data    RW Data    ZI Data      Debug   Library Member Name

       300         42          0          0          0        176   asinf.o
       684         90          0          0          0        208   atan2f.o
        38          0          0          0          0        116   fpclassifyf.o
        44         12          0          0          0        464   funder.o
       122          0          0          0          0        148   sqrt.o
        62          0          0          0          0        136   sqrtf.o
        86          0          0          0          0          0   __dczerorl2.o
         0          0          0          0          0          0   entry.o
         0          0          0          0          0          0   entry10a.o
         0          0          0          0          0          0   entry11a.o
         4          0          0          0          0          0   entry12b.o
         8          4          0          0          0          0   entry2.o
         4          0          0          0          0          0   entry5.o
         0          0          0          0          0          0   entry7b.o
         0          0          0          0          0          0   entry8b.o
         8          4          0          0          0          0   entry9a.o
        12          6          0          4          0         68   errno.o
        30          0          0          0          0          0   handlers.o
        36          8          0          0          0         68   init.o
         0          0          0          0          0          0   iusefp.o
        30          0          0          0          0         68   llshl.o
        36          0          0          0          0         68   llsshr.o
        32          0          0          0          0         68   llushr.o
        26          0          0          0          0         80   memcmp.o
        36          0          0          0          0         68   memcpya.o
        36          0          0          0          0        108   memseta.o
      2218         90          0          0          0        464   printfa.o
         0          0          0          4          0          0   stdout.o
        28          0          0          0          0         76   strcmp.o
        14          0          0          0          0         68   strlen.o
        30          0          0          0          0         80   strncmp.o
        44          0          0          0          0         80   uidiv.o
        98          0          0          0          0         92   uldiv.o
        48          0          0          0          0         68   cdrcmple.o
        56          0          0          0          0         88   d2f.o
       334          0          0          0          0        148   dadd.o
       222          0          0          0          0        100   ddiv.o
       186          0          0          0          0        176   depilogue.o
        48          0          0          0          0         68   dfixul.o
        34          0          0          0          0         76   dflti.o
       228          0          0          0          0         96   dmul.o
       162          0          0          0          0        100   dsqrt.o
        38          0          0          0          0         68   f2d.o
       110          0          0          0          0        168   fepilogue.o

    ----------------------------------------------------------------------
      5542        256          0          8          0       3860   Library Totals
        10          0          0          0          0          0   (incl. Padding)

    ----------------------------------------------------------------------

      Code (inc. data)   RO Data    RW Data    ZI Data      Debug   Library Name

      1250        144          0          0          0       1248   m_wm.l
      2816        112          0          8          0       1456   mc_w.l
      1466          0          0          0          0       1156   mf_w.l

    ----------------------------------------------------------------------
      5542        256          0          8          0       3860   Library Totals

    ----------------------------------------------------------------------

==============================================================================


      Code (inc. data)   RO Data    RW Data    ZI Data      Debug   

     41160       2530       1948        472      23944    1178204   Grand Totals
     41160       2530       1948        132      23944    1178204   ELF Image Totals (compressed)
     41160       2530       1948        132          0          0   ROM Totals

==============================================================================

    Total RO  Size (Code + RO Data)                43108 (  42.10kB)
    Total RW  Size (RW Data + ZI Data)             24416 (  23.84kB)
    Total ROM Size (Code + RO Data + RW Data)      43240 (  42.23kB)

==============================================================================

