<html>
<body>
<pre>
<h1>µVision Build Log</h1>
<h2>Tool Versions:</h2>
IDE-Version: ¦ÌVision V5.36.0.0
Copyright (C) 2021 ARM Ltd and ARM Germany GmbH. All rights reserved.
License Information: Vic Du, Artos, LIC=FYKYW-QV4YF-9UQ4U-SKGMR-F58I4-T6TSE
 
Tool Versions:
Toolchain:       MDK-ARM Plus  Version: 5.36.0.0
Toolchain Path:  D:\EIDE\MDK\ARM\ARMCC\Bin
C Compiler:      Armcc.exe V5.06 update 7 (build 960)
Assembler:       Armasm.exe V5.06 update 7 (build 960)
Linker/Locator:  ArmLink.exe V5.06 update 7 (build 960)
Library Manager: ArmAr.exe V5.06 update 7 (build 960)
Hex Converter:   FromElf.exe V5.06 update 7 (build 960)
CPU DLL:         SARMCM3.DLL V5.36.0.0
Dialog DLL:      DCM.DLL V1.17.3.0
Target DLL:      Segger\JL2CM3.dll V2.99.40.0
Dialog DLL:      TCM.DLL V1.53.0.0
 
<h2>Project:</h2>
E:\A-rtos\target\tip\tip\MDK-ARM\tip.uvprojx
Project File Date:  07/10/2025

<h2>Output:</h2>
*** Using Compiler 'V5.06 update 7 (build 960)', folder: 'D:\EIDE\MDK\ARM\ARMCC\Bin'
Rebuild target 'tip'
assembling startup_stm32f407xx.s...
compiling croutine.c...
compiling algo_mahony_ahrs.c...
compiling event.c...
compiling heap_4.c...
compiling list.c...
compiling queue.c...
compiling port.c...
compiling stream_buffer.c...
compiling task.c...
compiling timer.c...
compiling gpio.c...
compiling tim.c...
compiling SEGGER_RTT.c...
compiling stm32f4xx_it.c...
compiling can.c...
compiling dma.c...
compiling spi.c...
compiling usart.c...
compiling stm32f4xx_hal_msp.c...
compiling drv_ist8310.c...
compiling stm32f4xx_hal_timebase_tim.c...
compiling SEGGER_SYSVIEW_Config_ARTOS.c...
compiling SEGGER_SYSVIEW_ARTOS.c...
compiling i2c.c...
compiling adc.c...
compiling drv_tim.c...
compiling SEGGER_SYSVIEW.c...
compiling drv_uart.c...
compiling stm32f4xx_ll_adc.c...
compiling drv_exti.c...
compiling drv_key.c...
compiling algo_attitude_ctrl.c...
compiling task_rc.c...
compiling task_imu.c...
compiling task_shell.c...
compiling cmsis_os2.c...
compiling drv_bmi088.c...
compiling main.c...
compiling algo_pid.c...
compiling algo_remote_ctrl.c...
compiling prot_ano.c...
compiling artos.c...
compiling prot_sbus.c...
compiling shell_cmd_list.c...
compiling shell.c...
compiling shell_companion.c...
compiling stm32f4xx_hal_gpio.c...
compiling stm32f4xx_hal_adc_ex.c...
compiling stm32f4xx_hal_pwr_ex.c...
compiling stm32f4xx_hal_flash_ramfunc.c...
compiling stm32f4xx_hal_adc.c...
compiling stm32f4xx_hal_flash_ex.c...
compiling stm32f4xx_hal_rcc_ex.c...
compiling stm32f4xx_hal_dma.c...
compiling stm32f4xx_hal_pwr.c...
compiling stm32f4xx_hal_dma_ex.c...
compiling stm32f4xx_hal_flash.c...
compiling stm32f4xx_hal_cortex.c...
compiling shell_ext.c...
compiling stm32f4xx_hal.c...
compiling system_stm32f4xx.c...
compiling stm32f4xx_hal_exti.c...
compiling stm32f4xx_hal_can.c...
compiling stm32f4xx_hal_i2c_ex.c...
compiling stm32f4xx_hal_tim_ex.c...
compiling stm32f4xx_hal_rcc.c...
compiling stm32f4xx_hal_tim.c...
compiling stm32f4xx_hal_uart.c...
compiling stm32f4xx_hal_spi.c...
compiling stm32f4xx_hal_i2c.c...
linking...
Program Size: Code=41160 RO-data=1948 RW-data=472 ZI-data=23944  
FromELF: creating hex file...
"tip\tip.axf" - 0 Error(s), 0 Warning(s).

<h2>Software Packages used:</h2>

Package Vendor: ARM
                http://www.keil.com/pack/ARM.CMSIS.5.8.0.pack
                ARM.CMSIS.5.8.0
                CMSIS (Common Microcontroller Software Interface Standard)
   * Component: CORE Version: 5.5.0

Package Vendor: Keil
                https://www.keil.com/pack/Keil.STM32F4xx_DFP.3.0.0.pack
                Keil.STM32F4xx_DFP.3.0.0
                STMicroelectronics STM32F4 Series Device Support

<h2>Collection of Component include folders:</h2>
  .\RTE\_tip
  C:\Users\TP-Th\AppData\Local\Arm\Packs\ARM\CMSIS\5.8.0\CMSIS\Core\Include

<h2>Collection of Component Files used:</h2>

   * Component: ARM::CMSIS:CORE:5.5.0
      Include file:  CMSIS\Core\Include\tz_context.h
Build Time Elapsed:  00:00:08
</pre>
</body>
</html>
